Archive member included to satisfy reference by file (symbol)

c:/program files (x86)/atmel/studio/7.0/toolchain/avr8/avr8-gnu-toolchain/bin/../lib/gcc/avr/5.4.0/avr5\libgcc.a(_exit.o)
                              C:/Program Files (x86)/Atmel/Studio/7.0/Packs/atmel/ATmega_DFP/1.7.374/gcc/dev/atmega32u4/avr5/crtatmega32u4.o (exit)
c:/program files (x86)/atmel/studio/7.0/toolchain/avr8/avr8-gnu-toolchain/bin/../lib/gcc/avr/5.4.0/avr5\libgcc.a(_tablejump2.o)
                              src/LUFA/LUFA/Drivers/USB/Class/Common/HIDParser.o (__tablejump2__)
c:/program files (x86)/atmel/studio/7.0/toolchain/avr8/avr8-gnu-toolchain/bin/../lib/gcc/avr/5.4.0/avr5\libgcc.a(_copy_data.o)
                              Keyboard.o (__do_copy_data)
c:/program files (x86)/atmel/studio/7.0/toolchain/avr8/avr8-gnu-toolchain/bin/../lib/gcc/avr/5.4.0/avr5\libgcc.a(_clear_bss.o)
                              Keyboard.o (__do_clear_bss)
c:/program files (x86)/atmel/studio/7.0/toolchain/avr8/avr8-gnu-toolchain/bin/../lib/gcc/avr/5.4.0/../../../../avr/lib/avr5\libc.a(memcpy_P.o)
                              src/LUFA/LUFA/Drivers/USB/Class/Device/RNDISClassDevice.o (memcpy_P)
c:/program files (x86)/atmel/studio/7.0/toolchain/avr8/avr8-gnu-toolchain/bin/../lib/gcc/avr/5.4.0/../../../../avr/lib/avr5\libc.a(strlen_P.o)
                              src/LUFA/LUFA/Drivers/USB/Class/Device/CDCClassDevice.o (__strlen_P)
c:/program files (x86)/atmel/studio/7.0/toolchain/avr8/avr8-gnu-toolchain/bin/../lib/gcc/avr/5.4.0/../../../../avr/lib/avr5\libc.a(memcmp.o)
                              src/LUFA/LUFA/Drivers/USB/Class/Device/HIDClassDevice.o (memcmp)
c:/program files (x86)/atmel/studio/7.0/toolchain/avr8/avr8-gnu-toolchain/bin/../lib/gcc/avr/5.4.0/../../../../avr/lib/avr5\libc.a(memcpy.o)
                              src/LUFA/LUFA/Drivers/USB/Class/Device/RNDISClassDevice.o (memcpy)
c:/program files (x86)/atmel/studio/7.0/toolchain/avr8/avr8-gnu-toolchain/bin/../lib/gcc/avr/5.4.0/../../../../avr/lib/avr5\libc.a(memset.o)
                              src/LUFA/LUFA/Drivers/USB/Class/Device/HIDClassDevice.o (memset)
C:/Program Files (x86)/Atmel/Studio/7.0/Packs/atmel/ATmega_DFP/1.7.374/gcc/dev/atmega32u4/avr5\libatmega32u4.a(eerd_byte.o)
                              src/LUFA/LUFA/Drivers/USB/Core/AVR8/EndpointStream_AVR8.o (eeprom_read_byte)
C:/Program Files (x86)/Atmel/Studio/7.0/Packs/atmel/ATmega_DFP/1.7.374/gcc/dev/atmega32u4/avr5\libatmega32u4.a(eeupd_byte.o)
                              src/LUFA/LUFA/Drivers/USB/Core/AVR8/EndpointStream_AVR8.o (eeprom_update_byte)

Allocating common symbols
Common symbol       size              file

USB_IsInitialized   0x1               src/LUFA/LUFA/Drivers/USB/Core/USBTask.o
USB_DeviceState     0x1               src/LUFA/LUFA/Drivers/USB/Core/USBTask.o
USB_Device_ConfigurationNumber
                    0x1               src/LUFA/LUFA/Drivers/USB/Core/DeviceStandardReq.o
USB_Device_CurrentlySelfPowered
                    0x1               src/LUFA/LUFA/Drivers/USB/Core/DeviceStandardReq.o
USB_ControlRequest  0x8               src/LUFA/LUFA/Drivers/USB/Core/USBTask.o
USB_Device_RemoteWakeupEnabled
                    0x1               src/LUFA/LUFA/Drivers/USB/Core/DeviceStandardReq.o

Discarded input sections

 .data          0x00000000        0x0 C:/Program Files (x86)/Atmel/Studio/7.0/Packs/atmel/ATmega_DFP/1.7.374/gcc/dev/atmega32u4/avr5/crtatmega32u4.o
 .bss           0x00000000        0x0 C:/Program Files (x86)/Atmel/Studio/7.0/Packs/atmel/ATmega_DFP/1.7.374/gcc/dev/atmega32u4/avr5/crtatmega32u4.o
 .text          0x00000000        0x0 Descriptors.o
 .data          0x00000000        0x0 Descriptors.o
 .bss           0x00000000        0x0 Descriptors.o
 .text          0x00000000        0x0 Keyboard.o
 .data          0x00000000        0x0 Keyboard.o
 .bss           0x00000000        0x0 Keyboard.o
 COMMON         0x00000000        0x0 Keyboard.o
 .text          0x00000000        0x0 src/Drivers/i2c.o
 .data          0x00000000        0x0 src/Drivers/i2c.o
 .bss           0x00000000        0x0 src/Drivers/i2c.o
 .text.i2c_enter_MR_mode
                0x00000000       0x1c src/Drivers/i2c.o
 .text.i2c_read_nack
                0x00000000       0x18 src/Drivers/i2c.o
 .text.i2c_read_ack
                0x00000000       0x18 src/Drivers/i2c.o
 .text          0x00000000        0x0 src/Drivers/oled.o
 .data          0x00000000        0x0 src/Drivers/oled.o
 .bss           0x00000000        0x0 src/Drivers/oled.o
 .text.oled_inverse_screen
                0x00000000       0x1c src/Drivers/oled.o
 .text.oled_turn_on
                0x00000000       0x1c src/Drivers/oled.o
 .text.oled_turn_off
                0x00000000       0x1c src/Drivers/oled.o
 .text.oled_update_ram
                0x00000000       0x48 src/Drivers/oled.o
 .text          0x00000000        0x0 src/LUFA/LUFA/Drivers/USB/Class/Common/HIDParser.o
 .data          0x00000000        0x0 src/LUFA/LUFA/Drivers/USB/Class/Common/HIDParser.o
 .bss           0x00000000        0x0 src/LUFA/LUFA/Drivers/USB/Class/Common/HIDParser.o
 .text.USB_ProcessHIDReport
                0x00000000      0x67e src/LUFA/LUFA/Drivers/USB/Class/Common/HIDParser.o
 .progmem.gcc_sw_table.USB_ProcessHIDReport
                0x00000000      0x17a src/LUFA/LUFA/Drivers/USB/Class/Common/HIDParser.o
 .text.USB_GetHIDReportItemInfo
                0x00000000       0xc6 src/LUFA/LUFA/Drivers/USB/Class/Common/HIDParser.o
 .text.USB_SetHIDReportItemInfo
                0x00000000       0xb4 src/LUFA/LUFA/Drivers/USB/Class/Common/HIDParser.o
 .text.USB_GetHIDReportSize
                0x00000000       0x6e src/LUFA/LUFA/Drivers/USB/Class/Common/HIDParser.o
 .debug_info    0x00000000      0x73b src/LUFA/LUFA/Drivers/USB/Class/Common/HIDParser.o
 .debug_abbrev  0x00000000      0x21a src/LUFA/LUFA/Drivers/USB/Class/Common/HIDParser.o
 .debug_loc     0x00000000      0x97a src/LUFA/LUFA/Drivers/USB/Class/Common/HIDParser.o
 .debug_aranges
                0x00000000       0x38 src/LUFA/LUFA/Drivers/USB/Class/Common/HIDParser.o
 .debug_ranges  0x00000000       0x88 src/LUFA/LUFA/Drivers/USB/Class/Common/HIDParser.o
 .debug_line    0x00000000      0x5db src/LUFA/LUFA/Drivers/USB/Class/Common/HIDParser.o
 .debug_str     0x00000000      0x6c5 src/LUFA/LUFA/Drivers/USB/Class/Common/HIDParser.o
 .comment       0x00000000       0x31 src/LUFA/LUFA/Drivers/USB/Class/Common/HIDParser.o
 .debug_frame   0x00000000      0x108 src/LUFA/LUFA/Drivers/USB/Class/Common/HIDParser.o
 .text          0x00000000        0x0 src/LUFA/LUFA/Drivers/USB/Core/AVR8/Device_AVR8.o
 .data          0x00000000        0x0 src/LUFA/LUFA/Drivers/USB/Core/AVR8/Device_AVR8.o
 .bss           0x00000000        0x0 src/LUFA/LUFA/Drivers/USB/Core/AVR8/Device_AVR8.o
 .text.USB_Device_SendRemoteWakeup
                0x00000000       0x2c src/LUFA/LUFA/Drivers/USB/Core/AVR8/Device_AVR8.o
 .debug_info    0x00000000       0xd2 src/LUFA/LUFA/Drivers/USB/Core/AVR8/Device_AVR8.o
 .debug_abbrev  0x00000000       0x80 src/LUFA/LUFA/Drivers/USB/Core/AVR8/Device_AVR8.o
 .debug_aranges
                0x00000000       0x20 src/LUFA/LUFA/Drivers/USB/Core/AVR8/Device_AVR8.o
 .debug_ranges  0x00000000       0x10 src/LUFA/LUFA/Drivers/USB/Core/AVR8/Device_AVR8.o
 .debug_line    0x00000000      0x151 src/LUFA/LUFA/Drivers/USB/Core/AVR8/Device_AVR8.o
 .debug_str     0x00000000      0x201 src/LUFA/LUFA/Drivers/USB/Core/AVR8/Device_AVR8.o
 .comment       0x00000000       0x31 src/LUFA/LUFA/Drivers/USB/Core/AVR8/Device_AVR8.o
 .debug_frame   0x00000000       0x24 src/LUFA/LUFA/Drivers/USB/Core/AVR8/Device_AVR8.o
 .text          0x00000000        0x0 src/LUFA/LUFA/Drivers/USB/Core/AVR8/EndpointStream_AVR8.o
 .data          0x00000000        0x0 src/LUFA/LUFA/Drivers/USB/Core/AVR8/EndpointStream_AVR8.o
 .bss           0x00000000        0x0 src/LUFA/LUFA/Drivers/USB/Core/AVR8/EndpointStream_AVR8.o
 .text.Endpoint_Discard_Stream
                0x00000000       0x80 src/LUFA/LUFA/Drivers/USB/Core/AVR8/EndpointStream_AVR8.o
 .text.Endpoint_Null_Stream
                0x00000000       0x80 src/LUFA/LUFA/Drivers/USB/Core/AVR8/EndpointStream_AVR8.o
 .text.Endpoint_Write_Stream_BE
                0x00000000       0xa4 src/LUFA/LUFA/Drivers/USB/Core/AVR8/EndpointStream_AVR8.o
 .text.Endpoint_Read_Stream_LE
                0x00000000       0x9a src/LUFA/LUFA/Drivers/USB/Core/AVR8/EndpointStream_AVR8.o
 .text.Endpoint_Read_Stream_BE
                0x00000000       0xa4 src/LUFA/LUFA/Drivers/USB/Core/AVR8/EndpointStream_AVR8.o
 .text.Endpoint_Write_PStream_LE
                0x00000000       0x9c src/LUFA/LUFA/Drivers/USB/Core/AVR8/EndpointStream_AVR8.o
 .text.Endpoint_Write_PStream_BE
                0x00000000       0xa4 src/LUFA/LUFA/Drivers/USB/Core/AVR8/EndpointStream_AVR8.o
 .text.Endpoint_Write_EStream_LE
                0x00000000       0x9e src/LUFA/LUFA/Drivers/USB/Core/AVR8/EndpointStream_AVR8.o
 .text.Endpoint_Write_EStream_BE
                0x00000000       0xa6 src/LUFA/LUFA/Drivers/USB/Core/AVR8/EndpointStream_AVR8.o
 .text.Endpoint_Read_EStream_LE
                0x00000000       0x9e src/LUFA/LUFA/Drivers/USB/Core/AVR8/EndpointStream_AVR8.o
 .text.Endpoint_Read_EStream_BE
                0x00000000       0xa6 src/LUFA/LUFA/Drivers/USB/Core/AVR8/EndpointStream_AVR8.o
 .text.Endpoint_Write_Control_Stream_BE
                0x00000000       0xda src/LUFA/LUFA/Drivers/USB/Core/AVR8/EndpointStream_AVR8.o
 .text.Endpoint_Read_Control_Stream_BE
                0x00000000       0x9c src/LUFA/LUFA/Drivers/USB/Core/AVR8/EndpointStream_AVR8.o
 .text.Endpoint_Write_Control_PStream_BE
                0x00000000       0xda src/LUFA/LUFA/Drivers/USB/Core/AVR8/EndpointStream_AVR8.o
 .text.Endpoint_Write_Control_EStream_LE
                0x00000000       0xf8 src/LUFA/LUFA/Drivers/USB/Core/AVR8/EndpointStream_AVR8.o
 .text.Endpoint_Write_Control_EStream_BE
                0x00000000       0xfe src/LUFA/LUFA/Drivers/USB/Core/AVR8/EndpointStream_AVR8.o
 .text.Endpoint_Read_Control_EStream_LE
                0x00000000       0xa8 src/LUFA/LUFA/Drivers/USB/Core/AVR8/EndpointStream_AVR8.o
 .text.Endpoint_Read_Control_EStream_BE
                0x00000000       0xae src/LUFA/LUFA/Drivers/USB/Core/AVR8/EndpointStream_AVR8.o
 .text          0x00000000        0x0 src/LUFA/LUFA/Drivers/USB/Core/AVR8/Endpoint_AVR8.o
 .data          0x00000000        0x0 src/LUFA/LUFA/Drivers/USB/Core/AVR8/Endpoint_AVR8.o
 .bss           0x00000000        0x0 src/LUFA/LUFA/Drivers/USB/Core/AVR8/Endpoint_AVR8.o
 .text.Endpoint_ClearEndpoints
                0x00000000       0x2e src/LUFA/LUFA/Drivers/USB/Core/AVR8/Endpoint_AVR8.o
 .text          0x00000000        0x0 src/LUFA/LUFA/Drivers/USB/Core/AVR8/Host_AVR8.o
 .data          0x00000000        0x0 src/LUFA/LUFA/Drivers/USB/Core/AVR8/Host_AVR8.o
 .bss           0x00000000        0x0 src/LUFA/LUFA/Drivers/USB/Core/AVR8/Host_AVR8.o
 .debug_info    0x00000000       0x56 src/LUFA/LUFA/Drivers/USB/Core/AVR8/Host_AVR8.o
 .debug_abbrev  0x00000000       0x26 src/LUFA/LUFA/Drivers/USB/Core/AVR8/Host_AVR8.o
 .debug_aranges
                0x00000000       0x18 src/LUFA/LUFA/Drivers/USB/Core/AVR8/Host_AVR8.o
 .debug_line    0x00000000       0x1a src/LUFA/LUFA/Drivers/USB/Core/AVR8/Host_AVR8.o
 .debug_str     0x00000000      0x1a0 src/LUFA/LUFA/Drivers/USB/Core/AVR8/Host_AVR8.o
 .comment       0x00000000       0x31 src/LUFA/LUFA/Drivers/USB/Core/AVR8/Host_AVR8.o
 .text          0x00000000        0x0 src/LUFA/LUFA/Drivers/USB/Core/AVR8/PipeStream_AVR8.o
 .data          0x00000000        0x0 src/LUFA/LUFA/Drivers/USB/Core/AVR8/PipeStream_AVR8.o
 .bss           0x00000000        0x0 src/LUFA/LUFA/Drivers/USB/Core/AVR8/PipeStream_AVR8.o
 .debug_info    0x00000000       0x56 src/LUFA/LUFA/Drivers/USB/Core/AVR8/PipeStream_AVR8.o
 .debug_abbrev  0x00000000       0x26 src/LUFA/LUFA/Drivers/USB/Core/AVR8/PipeStream_AVR8.o
 .debug_aranges
                0x00000000       0x18 src/LUFA/LUFA/Drivers/USB/Core/AVR8/PipeStream_AVR8.o
 .debug_line    0x00000000       0x1a src/LUFA/LUFA/Drivers/USB/Core/AVR8/PipeStream_AVR8.o
 .debug_str     0x00000000      0x1a6 src/LUFA/LUFA/Drivers/USB/Core/AVR8/PipeStream_AVR8.o
 .comment       0x00000000       0x31 src/LUFA/LUFA/Drivers/USB/Core/AVR8/PipeStream_AVR8.o
 .text          0x00000000        0x0 src/LUFA/LUFA/Drivers/USB/Core/AVR8/Pipe_AVR8.o
 .data          0x00000000        0x0 src/LUFA/LUFA/Drivers/USB/Core/AVR8/Pipe_AVR8.o
 .bss           0x00000000        0x0 src/LUFA/LUFA/Drivers/USB/Core/AVR8/Pipe_AVR8.o
 .debug_info    0x00000000       0x56 src/LUFA/LUFA/Drivers/USB/Core/AVR8/Pipe_AVR8.o
 .debug_abbrev  0x00000000       0x26 src/LUFA/LUFA/Drivers/USB/Core/AVR8/Pipe_AVR8.o
 .debug_aranges
                0x00000000       0x18 src/LUFA/LUFA/Drivers/USB/Core/AVR8/Pipe_AVR8.o
 .debug_line    0x00000000       0x1a src/LUFA/LUFA/Drivers/USB/Core/AVR8/Pipe_AVR8.o
 .debug_str     0x00000000      0x1a0 src/LUFA/LUFA/Drivers/USB/Core/AVR8/Pipe_AVR8.o
 .comment       0x00000000       0x31 src/LUFA/LUFA/Drivers/USB/Core/AVR8/Pipe_AVR8.o
 .text          0x00000000        0x0 src/LUFA/LUFA/Drivers/USB/Core/AVR8/Template/Template_Endpoint_Control_R.o
 .data          0x00000000        0x0 src/LUFA/LUFA/Drivers/USB/Core/AVR8/Template/Template_Endpoint_Control_R.o
 .bss           0x00000000        0x0 src/LUFA/LUFA/Drivers/USB/Core/AVR8/Template/Template_Endpoint_Control_R.o
 .debug_line    0x00000000        0x0 src/LUFA/LUFA/Drivers/USB/Core/AVR8/Template/Template_Endpoint_Control_R.o
 .debug_str     0x00000000      0x154 src/LUFA/LUFA/Drivers/USB/Core/AVR8/Template/Template_Endpoint_Control_R.o
 .comment       0x00000000       0x31 src/LUFA/LUFA/Drivers/USB/Core/AVR8/Template/Template_Endpoint_Control_R.o
 .text          0x00000000        0x0 src/LUFA/LUFA/Drivers/USB/Core/AVR8/Template/Template_Endpoint_Control_W.o
 .data          0x00000000        0x0 src/LUFA/LUFA/Drivers/USB/Core/AVR8/Template/Template_Endpoint_Control_W.o
 .bss           0x00000000        0x0 src/LUFA/LUFA/Drivers/USB/Core/AVR8/Template/Template_Endpoint_Control_W.o
 .debug_line    0x00000000        0x0 src/LUFA/LUFA/Drivers/USB/Core/AVR8/Template/Template_Endpoint_Control_W.o
 .debug_str     0x00000000      0x154 src/LUFA/LUFA/Drivers/USB/Core/AVR8/Template/Template_Endpoint_Control_W.o
 .comment       0x00000000       0x31 src/LUFA/LUFA/Drivers/USB/Core/AVR8/Template/Template_Endpoint_Control_W.o
 .text          0x00000000        0x0 src/LUFA/LUFA/Drivers/USB/Core/AVR8/Template/Template_Endpoint_RW.o
 .data          0x00000000        0x0 src/LUFA/LUFA/Drivers/USB/Core/AVR8/Template/Template_Endpoint_RW.o
 .bss           0x00000000        0x0 src/LUFA/LUFA/Drivers/USB/Core/AVR8/Template/Template_Endpoint_RW.o
 .debug_line    0x00000000        0x0 src/LUFA/LUFA/Drivers/USB/Core/AVR8/Template/Template_Endpoint_RW.o
 .debug_str     0x00000000      0x14d src/LUFA/LUFA/Drivers/USB/Core/AVR8/Template/Template_Endpoint_RW.o
 .comment       0x00000000       0x31 src/LUFA/LUFA/Drivers/USB/Core/AVR8/Template/Template_Endpoint_RW.o
 .text          0x00000000        0x0 src/LUFA/LUFA/Drivers/USB/Core/AVR8/Template/Template_Pipe_RW.o
 .data          0x00000000        0x0 src/LUFA/LUFA/Drivers/USB/Core/AVR8/Template/Template_Pipe_RW.o
 .bss           0x00000000        0x0 src/LUFA/LUFA/Drivers/USB/Core/AVR8/Template/Template_Pipe_RW.o
 .debug_line    0x00000000        0x0 src/LUFA/LUFA/Drivers/USB/Core/AVR8/Template/Template_Pipe_RW.o
 .debug_str     0x00000000      0x149 src/LUFA/LUFA/Drivers/USB/Core/AVR8/Template/Template_Pipe_RW.o
 .comment       0x00000000       0x31 src/LUFA/LUFA/Drivers/USB/Core/AVR8/Template/Template_Pipe_RW.o
 .text          0x00000000        0x0 src/LUFA/LUFA/Drivers/USB/Core/AVR8/USBController_AVR8.o
 .data          0x00000000        0x0 src/LUFA/LUFA/Drivers/USB/Core/AVR8/USBController_AVR8.o
 .bss           0x00000000        0x0 src/LUFA/LUFA/Drivers/USB/Core/AVR8/USBController_AVR8.o
 .text.USB_Disable
                0x00000000       0x34 src/LUFA/LUFA/Drivers/USB/Core/AVR8/USBController_AVR8.o
 .text          0x00000000        0x0 src/LUFA/LUFA/Drivers/USB/Core/AVR8/USBInterrupt_AVR8.o
 .data          0x00000000        0x0 src/LUFA/LUFA/Drivers/USB/Core/AVR8/USBInterrupt_AVR8.o
 .bss           0x00000000        0x0 src/LUFA/LUFA/Drivers/USB/Core/AVR8/USBInterrupt_AVR8.o
 .text          0x00000000        0x0 src/LUFA/LUFA/Drivers/USB/Core/ConfigDescriptors.o
 .data          0x00000000        0x0 src/LUFA/LUFA/Drivers/USB/Core/ConfigDescriptors.o
 .bss           0x00000000        0x0 src/LUFA/LUFA/Drivers/USB/Core/ConfigDescriptors.o
 .text.USB_GetNextDescriptorOfType
                0x00000000       0x4e src/LUFA/LUFA/Drivers/USB/Core/ConfigDescriptors.o
 .text.USB_GetNextDescriptorOfTypeBefore
                0x00000000       0x5c src/LUFA/LUFA/Drivers/USB/Core/ConfigDescriptors.o
 .text.USB_GetNextDescriptorOfTypeAfter
                0x00000000       0x34 src/LUFA/LUFA/Drivers/USB/Core/ConfigDescriptors.o
 .text.USB_GetNextDescriptorComp
                0x00000000       0x8e src/LUFA/LUFA/Drivers/USB/Core/ConfigDescriptors.o
 .debug_info    0x00000000      0x3f8 src/LUFA/LUFA/Drivers/USB/Core/ConfigDescriptors.o
 .debug_abbrev  0x00000000      0x19e src/LUFA/LUFA/Drivers/USB/Core/ConfigDescriptors.o
 .debug_loc     0x00000000      0x427 src/LUFA/LUFA/Drivers/USB/Core/ConfigDescriptors.o
 .debug_aranges
                0x00000000       0x38 src/LUFA/LUFA/Drivers/USB/Core/ConfigDescriptors.o
 .debug_ranges  0x00000000       0x28 src/LUFA/LUFA/Drivers/USB/Core/ConfigDescriptors.o
 .debug_line    0x00000000      0x24a src/LUFA/LUFA/Drivers/USB/Core/ConfigDescriptors.o
 .debug_str     0x00000000      0x3e9 src/LUFA/LUFA/Drivers/USB/Core/ConfigDescriptors.o
 .comment       0x00000000       0x31 src/LUFA/LUFA/Drivers/USB/Core/ConfigDescriptors.o
 .debug_frame   0x00000000       0xbc src/LUFA/LUFA/Drivers/USB/Core/ConfigDescriptors.o
 .text          0x00000000        0x0 src/LUFA/LUFA/Drivers/USB/Core/DeviceStandardReq.o
 .data          0x00000000        0x0 src/LUFA/LUFA/Drivers/USB/Core/DeviceStandardReq.o
 .bss           0x00000000        0x0 src/LUFA/LUFA/Drivers/USB/Core/DeviceStandardReq.o
 .text          0x00000000        0x0 src/LUFA/LUFA/Drivers/USB/Core/Events.o
 .data          0x00000000        0x0 src/LUFA/LUFA/Drivers/USB/Core/Events.o
 .bss           0x00000000        0x0 src/LUFA/LUFA/Drivers/USB/Core/Events.o
 .text          0x00000000        0x0 src/LUFA/LUFA/Drivers/USB/Core/HostStandardReq.o
 .data          0x00000000        0x0 src/LUFA/LUFA/Drivers/USB/Core/HostStandardReq.o
 .bss           0x00000000        0x0 src/LUFA/LUFA/Drivers/USB/Core/HostStandardReq.o
 .debug_info    0x00000000       0x56 src/LUFA/LUFA/Drivers/USB/Core/HostStandardReq.o
 .debug_abbrev  0x00000000       0x26 src/LUFA/LUFA/Drivers/USB/Core/HostStandardReq.o
 .debug_aranges
                0x00000000       0x18 src/LUFA/LUFA/Drivers/USB/Core/HostStandardReq.o
 .debug_line    0x00000000       0x1a src/LUFA/LUFA/Drivers/USB/Core/HostStandardReq.o
 .debug_str     0x00000000      0x1a1 src/LUFA/LUFA/Drivers/USB/Core/HostStandardReq.o
 .comment       0x00000000       0x31 src/LUFA/LUFA/Drivers/USB/Core/HostStandardReq.o
 .text          0x00000000        0x0 src/LUFA/LUFA/Drivers/USB/Core/USBTask.o
 .data          0x00000000        0x0 src/LUFA/LUFA/Drivers/USB/Core/USBTask.o
 .bss           0x00000000        0x0 src/LUFA/LUFA/Drivers/USB/Core/USBTask.o
 .text          0x00000000        0x0 src/LUFA/LUFA/Drivers/USB/Class/Host/StillImageClassHost.o
 .data          0x00000000        0x0 src/LUFA/LUFA/Drivers/USB/Class/Host/StillImageClassHost.o
 .bss           0x00000000        0x0 src/LUFA/LUFA/Drivers/USB/Class/Host/StillImageClassHost.o
 .debug_info    0x00000000       0x56 src/LUFA/LUFA/Drivers/USB/Class/Host/StillImageClassHost.o
 .debug_abbrev  0x00000000       0x26 src/LUFA/LUFA/Drivers/USB/Class/Host/StillImageClassHost.o
 .debug_aranges
                0x00000000       0x18 src/LUFA/LUFA/Drivers/USB/Class/Host/StillImageClassHost.o
 .debug_line    0x00000000       0x1a src/LUFA/LUFA/Drivers/USB/Class/Host/StillImageClassHost.o
 .debug_str     0x00000000      0x1ab src/LUFA/LUFA/Drivers/USB/Class/Host/StillImageClassHost.o
 .comment       0x00000000       0x31 src/LUFA/LUFA/Drivers/USB/Class/Host/StillImageClassHost.o
 .text          0x00000000        0x0 src/LUFA/LUFA/Drivers/USB/Class/Host/RNDISClassHost.o
 .data          0x00000000        0x0 src/LUFA/LUFA/Drivers/USB/Class/Host/RNDISClassHost.o
 .bss           0x00000000        0x0 src/LUFA/LUFA/Drivers/USB/Class/Host/RNDISClassHost.o
 .debug_info    0x00000000       0x56 src/LUFA/LUFA/Drivers/USB/Class/Host/RNDISClassHost.o
 .debug_abbrev  0x00000000       0x26 src/LUFA/LUFA/Drivers/USB/Class/Host/RNDISClassHost.o
 .debug_aranges
                0x00000000       0x18 src/LUFA/LUFA/Drivers/USB/Class/Host/RNDISClassHost.o
 .debug_line    0x00000000       0x1a src/LUFA/LUFA/Drivers/USB/Class/Host/RNDISClassHost.o
 .debug_str     0x00000000      0x1a6 src/LUFA/LUFA/Drivers/USB/Class/Host/RNDISClassHost.o
 .comment       0x00000000       0x31 src/LUFA/LUFA/Drivers/USB/Class/Host/RNDISClassHost.o
 .text          0x00000000        0x0 src/LUFA/LUFA/Drivers/USB/Class/Device/PrinterClassDevice.o
 .data          0x00000000        0x0 src/LUFA/LUFA/Drivers/USB/Class/Device/PrinterClassDevice.o
 .bss           0x00000000        0x0 src/LUFA/LUFA/Drivers/USB/Class/Device/PrinterClassDevice.o
 .text.PRNT_Device_ConfigureEndpoints
                0x00000000       0x32 src/LUFA/LUFA/Drivers/USB/Class/Device/PrinterClassDevice.o
 .text.PRNT_Device_SendString
                0x00000000       0x38 src/LUFA/LUFA/Drivers/USB/Class/Device/PrinterClassDevice.o
 .text.PRNT_Device_SendData
                0x00000000       0x2a src/LUFA/LUFA/Drivers/USB/Class/Device/PrinterClassDevice.o
 .text.PRNT_Device_SendByte
                0x00000000       0x40 src/LUFA/LUFA/Drivers/USB/Class/Device/PrinterClassDevice.o
 .text.PRNT_Device_putchar
                0x00000000       0x1c src/LUFA/LUFA/Drivers/USB/Class/Device/PrinterClassDevice.o
 .text.PRNT_Device_Flush
                0x00000000       0x64 src/LUFA/LUFA/Drivers/USB/Class/Device/PrinterClassDevice.o
 .text.PRNT_Device_USBTask
                0x00000000       0x8c src/LUFA/LUFA/Drivers/USB/Class/Device/PrinterClassDevice.o
 .text.PRNT_Device_BytesReceived
                0x00000000       0x58 src/LUFA/LUFA/Drivers/USB/Class/Device/PrinterClassDevice.o
 .text.PRNT_Device_ReceiveByte
                0x00000000       0x70 src/LUFA/LUFA/Drivers/USB/Class/Device/PrinterClassDevice.o
 .text.PRNT_Device_getchar
                0x00000000       0x14 src/LUFA/LUFA/Drivers/USB/Class/Device/PrinterClassDevice.o
 .text.PRNT_Device_getchar_Blocking
                0x00000000       0x34 src/LUFA/LUFA/Drivers/USB/Class/Device/PrinterClassDevice.o
 .text.PRNT_Device_CreateStream
                0x00000000       0x26 src/LUFA/LUFA/Drivers/USB/Class/Device/PrinterClassDevice.o
 .text.PRNT_Device_CreateBlockingStream
                0x00000000       0x26 src/LUFA/LUFA/Drivers/USB/Class/Device/PrinterClassDevice.o
 .text.PRNT_Device_Event_Stub
                0x00000000        0x2 src/LUFA/LUFA/Drivers/USB/Class/Device/PrinterClassDevice.o
 .text.PRNT_Device_ProcessControlRequest
                0x00000000       0xde src/LUFA/LUFA/Drivers/USB/Class/Device/PrinterClassDevice.o
 .debug_info    0x00000000      0xcbc src/LUFA/LUFA/Drivers/USB/Class/Device/PrinterClassDevice.o
 .debug_abbrev  0x00000000      0x2fe src/LUFA/LUFA/Drivers/USB/Class/Device/PrinterClassDevice.o
 .debug_loc     0x00000000      0x844 src/LUFA/LUFA/Drivers/USB/Class/Device/PrinterClassDevice.o
 .debug_aranges
                0x00000000       0x90 src/LUFA/LUFA/Drivers/USB/Class/Device/PrinterClassDevice.o
 .debug_ranges  0x00000000       0x80 src/LUFA/LUFA/Drivers/USB/Class/Device/PrinterClassDevice.o
 .debug_line    0x00000000      0x76a src/LUFA/LUFA/Drivers/USB/Class/Device/PrinterClassDevice.o
 .debug_str     0x00000000      0x94c src/LUFA/LUFA/Drivers/USB/Class/Device/PrinterClassDevice.o
 .comment       0x00000000       0x31 src/LUFA/LUFA/Drivers/USB/Class/Device/PrinterClassDevice.o
 .debug_frame   0x00000000      0x144 src/LUFA/LUFA/Drivers/USB/Class/Device/PrinterClassDevice.o
 .text          0x00000000        0x0 src/LUFA/LUFA/Drivers/USB/Class/Device/RNDISClassDevice.o
 .data          0x00000000        0x0 src/LUFA/LUFA/Drivers/USB/Class/Device/RNDISClassDevice.o
 .bss           0x00000000        0x0 src/LUFA/LUFA/Drivers/USB/Class/Device/RNDISClassDevice.o
 .text.RNDIS_Device_ProcessNDISSet
                0x00000000       0x48 src/LUFA/LUFA/Drivers/USB/Class/Device/RNDISClassDevice.o
 .text.RNDIS_Device_ProcessNDISQuery
                0x00000000      0x2dc src/LUFA/LUFA/Drivers/USB/Class/Device/RNDISClassDevice.o
 .text.RNDIS_Device_ProcessRNDISControlMessage
                0x00000000      0x2f6 src/LUFA/LUFA/Drivers/USB/Class/Device/RNDISClassDevice.o
 .text.RNDIS_Device_ProcessControlRequest
                0x00000000       0xde src/LUFA/LUFA/Drivers/USB/Class/Device/RNDISClassDevice.o
 .text.RNDIS_Device_ConfigureEndpoints
                0x00000000       0x66 src/LUFA/LUFA/Drivers/USB/Class/Device/RNDISClassDevice.o
 .rodata        0x00000000        0x8 src/LUFA/LUFA/Drivers/USB/Class/Device/RNDISClassDevice.o
 .text.RNDIS_Device_USBTask
                0x00000000       0x80 src/LUFA/LUFA/Drivers/USB/Class/Device/RNDISClassDevice.o
 .text.RNDIS_Device_IsPacketReceived
                0x00000000       0x2c src/LUFA/LUFA/Drivers/USB/Class/Device/RNDISClassDevice.o
 .text.RNDIS_Device_ReadPacket
                0x00000000       0xba src/LUFA/LUFA/Drivers/USB/Class/Device/RNDISClassDevice.o
 .text.RNDIS_Device_SendPacket
                0x00000000       0xd8 src/LUFA/LUFA/Drivers/USB/Class/Device/RNDISClassDevice.o
 .progmem.data.AdapterSupportedOIDList
                0x00000000       0x6c src/LUFA/LUFA/Drivers/USB/Class/Device/RNDISClassDevice.o
 .debug_info    0x00000000     0x10a4 src/LUFA/LUFA/Drivers/USB/Class/Device/RNDISClassDevice.o
 .debug_abbrev  0x00000000      0x31b src/LUFA/LUFA/Drivers/USB/Class/Device/RNDISClassDevice.o
 .debug_loc     0x00000000      0xca3 src/LUFA/LUFA/Drivers/USB/Class/Device/RNDISClassDevice.o
 .debug_aranges
                0x00000000       0x60 src/LUFA/LUFA/Drivers/USB/Class/Device/RNDISClassDevice.o
 .debug_ranges  0x00000000       0x50 src/LUFA/LUFA/Drivers/USB/Class/Device/RNDISClassDevice.o
 .debug_line    0x00000000      0x86f src/LUFA/LUFA/Drivers/USB/Class/Device/RNDISClassDevice.o
 .debug_str     0x00000000      0xd78 src/LUFA/LUFA/Drivers/USB/Class/Device/RNDISClassDevice.o
 .comment       0x00000000       0x31 src/LUFA/LUFA/Drivers/USB/Class/Device/RNDISClassDevice.o
 .debug_frame   0x00000000      0x18c src/LUFA/LUFA/Drivers/USB/Class/Device/RNDISClassDevice.o
 .text          0x00000000        0x0 src/LUFA/LUFA/Drivers/USB/Class/Host/PrinterClassHost.o
 .data          0x00000000        0x0 src/LUFA/LUFA/Drivers/USB/Class/Host/PrinterClassHost.o
 .bss           0x00000000        0x0 src/LUFA/LUFA/Drivers/USB/Class/Host/PrinterClassHost.o
 .debug_info    0x00000000       0x56 src/LUFA/LUFA/Drivers/USB/Class/Host/PrinterClassHost.o
 .debug_abbrev  0x00000000       0x26 src/LUFA/LUFA/Drivers/USB/Class/Host/PrinterClassHost.o
 .debug_aranges
                0x00000000       0x18 src/LUFA/LUFA/Drivers/USB/Class/Host/PrinterClassHost.o
 .debug_line    0x00000000       0x1a src/LUFA/LUFA/Drivers/USB/Class/Host/PrinterClassHost.o
 .debug_str     0x00000000      0x1a8 src/LUFA/LUFA/Drivers/USB/Class/Host/PrinterClassHost.o
 .comment       0x00000000       0x31 src/LUFA/LUFA/Drivers/USB/Class/Host/PrinterClassHost.o
 .text          0x00000000        0x0 src/LUFA/LUFA/Drivers/USB/Class/Device/MassStorageClassDevice.o
 .data          0x00000000        0x0 src/LUFA/LUFA/Drivers/USB/Class/Device/MassStorageClassDevice.o
 .bss           0x00000000        0x0 src/LUFA/LUFA/Drivers/USB/Class/Device/MassStorageClassDevice.o
 .text.MS_Device_ReadInCommandBlock
                0x00000000       0xe6 src/LUFA/LUFA/Drivers/USB/Class/Device/MassStorageClassDevice.o
 .text.MS_Device_ReturnCommandStatus
                0x00000000       0x8c src/LUFA/LUFA/Drivers/USB/Class/Device/MassStorageClassDevice.o
 .text.MS_Device_ProcessControlRequest
                0x00000000       0x80 src/LUFA/LUFA/Drivers/USB/Class/Device/MassStorageClassDevice.o
 .text.MS_Device_ConfigureEndpoints
                0x00000000       0x38 src/LUFA/LUFA/Drivers/USB/Class/Device/MassStorageClassDevice.o
 .text.MS_Device_USBTask
                0x00000000       0xfe src/LUFA/LUFA/Drivers/USB/Class/Device/MassStorageClassDevice.o
 .debug_info    0x00000000      0x91d src/LUFA/LUFA/Drivers/USB/Class/Device/MassStorageClassDevice.o
 .debug_abbrev  0x00000000      0x23b src/LUFA/LUFA/Drivers/USB/Class/Device/MassStorageClassDevice.o
 .debug_loc     0x00000000      0x3cb src/LUFA/LUFA/Drivers/USB/Class/Device/MassStorageClassDevice.o
 .debug_aranges
                0x00000000       0x40 src/LUFA/LUFA/Drivers/USB/Class/Device/MassStorageClassDevice.o
 .debug_ranges  0x00000000       0x30 src/LUFA/LUFA/Drivers/USB/Class/Device/MassStorageClassDevice.o
 .debug_line    0x00000000      0x5d6 src/LUFA/LUFA/Drivers/USB/Class/Device/MassStorageClassDevice.o
 .debug_str     0x00000000      0x815 src/LUFA/LUFA/Drivers/USB/Class/Device/MassStorageClassDevice.o
 .comment       0x00000000       0x31 src/LUFA/LUFA/Drivers/USB/Class/Device/MassStorageClassDevice.o
 .debug_frame   0x00000000       0xc0 src/LUFA/LUFA/Drivers/USB/Class/Device/MassStorageClassDevice.o
 .text          0x00000000        0x0 src/LUFA/LUFA/Drivers/USB/Class/Host/MassStorageClassHost.o
 .data          0x00000000        0x0 src/LUFA/LUFA/Drivers/USB/Class/Host/MassStorageClassHost.o
 .bss           0x00000000        0x0 src/LUFA/LUFA/Drivers/USB/Class/Host/MassStorageClassHost.o
 .debug_info    0x00000000       0x56 src/LUFA/LUFA/Drivers/USB/Class/Host/MassStorageClassHost.o
 .debug_abbrev  0x00000000       0x26 src/LUFA/LUFA/Drivers/USB/Class/Host/MassStorageClassHost.o
 .debug_aranges
                0x00000000       0x18 src/LUFA/LUFA/Drivers/USB/Class/Host/MassStorageClassHost.o
 .debug_line    0x00000000       0x1a src/LUFA/LUFA/Drivers/USB/Class/Host/MassStorageClassHost.o
 .debug_str     0x00000000      0x1ac src/LUFA/LUFA/Drivers/USB/Class/Host/MassStorageClassHost.o
 .comment       0x00000000       0x31 src/LUFA/LUFA/Drivers/USB/Class/Host/MassStorageClassHost.o
 .text          0x00000000        0x0 src/LUFA/LUFA/Drivers/USB/Class/Host/MIDIClassHost.o
 .data          0x00000000        0x0 src/LUFA/LUFA/Drivers/USB/Class/Host/MIDIClassHost.o
 .bss           0x00000000        0x0 src/LUFA/LUFA/Drivers/USB/Class/Host/MIDIClassHost.o
 .debug_info    0x00000000       0x56 src/LUFA/LUFA/Drivers/USB/Class/Host/MIDIClassHost.o
 .debug_abbrev  0x00000000       0x26 src/LUFA/LUFA/Drivers/USB/Class/Host/MIDIClassHost.o
 .debug_aranges
                0x00000000       0x18 src/LUFA/LUFA/Drivers/USB/Class/Host/MIDIClassHost.o
 .debug_line    0x00000000       0x1a src/LUFA/LUFA/Drivers/USB/Class/Host/MIDIClassHost.o
 .debug_str     0x00000000      0x1a5 src/LUFA/LUFA/Drivers/USB/Class/Host/MIDIClassHost.o
 .comment       0x00000000       0x31 src/LUFA/LUFA/Drivers/USB/Class/Host/MIDIClassHost.o
 .text          0x00000000        0x0 src/LUFA/LUFA/Drivers/USB/Class/Device/MIDIClassDevice.o
 .data          0x00000000        0x0 src/LUFA/LUFA/Drivers/USB/Class/Device/MIDIClassDevice.o
 .bss           0x00000000        0x0 src/LUFA/LUFA/Drivers/USB/Class/Device/MIDIClassDevice.o
 .text.MIDI_Device_ConfigureEndpoints
                0x00000000       0x2c src/LUFA/LUFA/Drivers/USB/Class/Device/MIDIClassDevice.o
 .text.MIDI_Device_SendEventPacket
                0x00000000       0x48 src/LUFA/LUFA/Drivers/USB/Class/Device/MIDIClassDevice.o
 .text.MIDI_Device_Flush
                0x00000000       0x46 src/LUFA/LUFA/Drivers/USB/Class/Device/MIDIClassDevice.o
 .text.MIDI_Device_USBTask
                0x00000000       0x22 src/LUFA/LUFA/Drivers/USB/Class/Device/MIDIClassDevice.o
 .text.MIDI_Device_ReceiveEventPacket
                0x00000000       0x56 src/LUFA/LUFA/Drivers/USB/Class/Device/MIDIClassDevice.o
 .debug_info    0x00000000      0x5dc src/LUFA/LUFA/Drivers/USB/Class/Device/MIDIClassDevice.o
 .debug_abbrev  0x00000000      0x1fb src/LUFA/LUFA/Drivers/USB/Class/Device/MIDIClassDevice.o
 .debug_loc     0x00000000      0x31c src/LUFA/LUFA/Drivers/USB/Class/Device/MIDIClassDevice.o
 .debug_aranges
                0x00000000       0x40 src/LUFA/LUFA/Drivers/USB/Class/Device/MIDIClassDevice.o
 .debug_ranges  0x00000000       0x30 src/LUFA/LUFA/Drivers/USB/Class/Device/MIDIClassDevice.o
 .debug_line    0x00000000      0x3eb src/LUFA/LUFA/Drivers/USB/Class/Device/MIDIClassDevice.o
 .debug_str     0x00000000      0x67e src/LUFA/LUFA/Drivers/USB/Class/Device/MIDIClassDevice.o
 .comment       0x00000000       0x31 src/LUFA/LUFA/Drivers/USB/Class/Device/MIDIClassDevice.o
 .debug_frame   0x00000000       0x70 src/LUFA/LUFA/Drivers/USB/Class/Device/MIDIClassDevice.o
 .text          0x00000000        0x0 src/LUFA/LUFA/Drivers/USB/Class/Host/HIDClassHost.o
 .data          0x00000000        0x0 src/LUFA/LUFA/Drivers/USB/Class/Host/HIDClassHost.o
 .bss           0x00000000        0x0 src/LUFA/LUFA/Drivers/USB/Class/Host/HIDClassHost.o
 .debug_info    0x00000000       0x56 src/LUFA/LUFA/Drivers/USB/Class/Host/HIDClassHost.o
 .debug_abbrev  0x00000000       0x26 src/LUFA/LUFA/Drivers/USB/Class/Host/HIDClassHost.o
 .debug_aranges
                0x00000000       0x18 src/LUFA/LUFA/Drivers/USB/Class/Host/HIDClassHost.o
 .debug_line    0x00000000       0x1a src/LUFA/LUFA/Drivers/USB/Class/Host/HIDClassHost.o
 .debug_str     0x00000000      0x1a4 src/LUFA/LUFA/Drivers/USB/Class/Host/HIDClassHost.o
 .comment       0x00000000       0x31 src/LUFA/LUFA/Drivers/USB/Class/Host/HIDClassHost.o
 .text          0x00000000        0x0 src/LUFA/LUFA/Drivers/USB/Class/Device/CDCClassDevice.o
 .data          0x00000000        0x0 src/LUFA/LUFA/Drivers/USB/Class/Device/CDCClassDevice.o
 .bss           0x00000000        0x0 src/LUFA/LUFA/Drivers/USB/Class/Device/CDCClassDevice.o
 .text.CDC_Device_ConfigureEndpoints
                0x00000000       0x4a src/LUFA/LUFA/Drivers/USB/Class/Device/CDCClassDevice.o
 .text.CDC_Device_SendString
                0x00000000       0x46 src/LUFA/LUFA/Drivers/USB/Class/Device/CDCClassDevice.o
 .text.CDC_Device_SendString_P
                0x00000000       0x48 src/LUFA/LUFA/Drivers/USB/Class/Device/CDCClassDevice.o
 .text.CDC_Device_SendData
                0x00000000       0x3a src/LUFA/LUFA/Drivers/USB/Class/Device/CDCClassDevice.o
 .text.CDC_Device_SendData_P
                0x00000000       0x3a src/LUFA/LUFA/Drivers/USB/Class/Device/CDCClassDevice.o
 .text.CDC_Device_SendByte
                0x00000000       0x52 src/LUFA/LUFA/Drivers/USB/Class/Device/CDCClassDevice.o
 .text.CDC_Device_putchar
                0x00000000       0x1c src/LUFA/LUFA/Drivers/USB/Class/Device/CDCClassDevice.o
 .text.CDC_Device_Flush
                0x00000000       0x78 src/LUFA/LUFA/Drivers/USB/Class/Device/CDCClassDevice.o
 .text.CDC_Device_USBTask
                0x00000000       0x32 src/LUFA/LUFA/Drivers/USB/Class/Device/CDCClassDevice.o
 .text.CDC_Device_BytesReceived
                0x00000000       0x6e src/LUFA/LUFA/Drivers/USB/Class/Device/CDCClassDevice.o
 .text.CDC_Device_ReceiveByte
                0x00000000       0x86 src/LUFA/LUFA/Drivers/USB/Class/Device/CDCClassDevice.o
 .text.CDC_Device_getchar
                0x00000000       0x14 src/LUFA/LUFA/Drivers/USB/Class/Device/CDCClassDevice.o
 .text.CDC_Device_getchar_Blocking
                0x00000000       0x34 src/LUFA/LUFA/Drivers/USB/Class/Device/CDCClassDevice.o
 .rodata        0x00000000        0x8 src/LUFA/LUFA/Drivers/USB/Class/Device/CDCClassDevice.o
 .text.CDC_Device_SendControlLineStateChange
                0x00000000       0x8e src/LUFA/LUFA/Drivers/USB/Class/Device/CDCClassDevice.o
 .text.CDC_Device_CreateStream
                0x00000000       0x26 src/LUFA/LUFA/Drivers/USB/Class/Device/CDCClassDevice.o
 .text.CDC_Device_CreateBlockingStream
                0x00000000       0x26 src/LUFA/LUFA/Drivers/USB/Class/Device/CDCClassDevice.o
 .text.CDC_Device_Event_Stub
                0x00000000        0x2 src/LUFA/LUFA/Drivers/USB/Class/Device/CDCClassDevice.o
 .text.CDC_Device_ProcessControlRequest
                0x00000000      0x152 src/LUFA/LUFA/Drivers/USB/Class/Device/CDCClassDevice.o
 .debug_info    0x00000000      0xffa src/LUFA/LUFA/Drivers/USB/Class/Device/CDCClassDevice.o
 .debug_abbrev  0x00000000      0x3fe src/LUFA/LUFA/Drivers/USB/Class/Device/CDCClassDevice.o
 .debug_loc     0x00000000      0xad2 src/LUFA/LUFA/Drivers/USB/Class/Device/CDCClassDevice.o
 .debug_aranges
                0x00000000       0xa8 src/LUFA/LUFA/Drivers/USB/Class/Device/CDCClassDevice.o
 .debug_ranges  0x00000000       0x98 src/LUFA/LUFA/Drivers/USB/Class/Device/CDCClassDevice.o
 .debug_line    0x00000000      0x9c7 src/LUFA/LUFA/Drivers/USB/Class/Device/CDCClassDevice.o
 .debug_str     0x00000000      0xa7a src/LUFA/LUFA/Drivers/USB/Class/Device/CDCClassDevice.o
 .comment       0x00000000       0x31 src/LUFA/LUFA/Drivers/USB/Class/Device/CDCClassDevice.o
 .debug_frame   0x00000000      0x190 src/LUFA/LUFA/Drivers/USB/Class/Device/CDCClassDevice.o
 .text          0x00000000        0x0 src/LUFA/LUFA/Drivers/USB/Class/Device/HIDClassDevice.o
 .data          0x00000000        0x0 src/LUFA/LUFA/Drivers/USB/Class/Device/HIDClassDevice.o
 .bss           0x00000000        0x0 src/LUFA/LUFA/Drivers/USB/Class/Device/HIDClassDevice.o
 .text          0x00000000        0x0 src/LUFA/LUFA/Drivers/USB/Class/Host/CDCClassHost.o
 .data          0x00000000        0x0 src/LUFA/LUFA/Drivers/USB/Class/Host/CDCClassHost.o
 .bss           0x00000000        0x0 src/LUFA/LUFA/Drivers/USB/Class/Host/CDCClassHost.o
 .debug_info    0x00000000       0x56 src/LUFA/LUFA/Drivers/USB/Class/Host/CDCClassHost.o
 .debug_abbrev  0x00000000       0x26 src/LUFA/LUFA/Drivers/USB/Class/Host/CDCClassHost.o
 .debug_aranges
                0x00000000       0x18 src/LUFA/LUFA/Drivers/USB/Class/Host/CDCClassHost.o
 .debug_line    0x00000000       0x1a src/LUFA/LUFA/Drivers/USB/Class/Host/CDCClassHost.o
 .debug_str     0x00000000      0x1a4 src/LUFA/LUFA/Drivers/USB/Class/Host/CDCClassHost.o
 .comment       0x00000000       0x31 src/LUFA/LUFA/Drivers/USB/Class/Host/CDCClassHost.o
 .text          0x00000000        0x0 src/LUFA/LUFA/Drivers/USB/Class/Device/AudioClassDevice.o
 .data          0x00000000        0x0 src/LUFA/LUFA/Drivers/USB/Class/Device/AudioClassDevice.o
 .bss           0x00000000        0x0 src/LUFA/LUFA/Drivers/USB/Class/Device/AudioClassDevice.o
 .text.Audio_Device_ConfigureEndpoints
                0x00000000       0x2c src/LUFA/LUFA/Drivers/USB/Class/Device/AudioClassDevice.o
 .text.Audio_Device_Event_Stub
                0x00000000        0x2 src/LUFA/LUFA/Drivers/USB/Class/Device/AudioClassDevice.o
 .text.Audio_Device_ProcessControlRequest
                0x00000000      0x314 src/LUFA/LUFA/Drivers/USB/Class/Device/AudioClassDevice.o
 .debug_info    0x00000000      0x87e src/LUFA/LUFA/Drivers/USB/Class/Device/AudioClassDevice.o
 .debug_abbrev  0x00000000      0x1d8 src/LUFA/LUFA/Drivers/USB/Class/Device/AudioClassDevice.o
 .debug_loc     0x00000000      0x380 src/LUFA/LUFA/Drivers/USB/Class/Device/AudioClassDevice.o
 .debug_aranges
                0x00000000       0x30 src/LUFA/LUFA/Drivers/USB/Class/Device/AudioClassDevice.o
 .debug_ranges  0x00000000       0x20 src/LUFA/LUFA/Drivers/USB/Class/Device/AudioClassDevice.o
 .debug_line    0x00000000      0x48f src/LUFA/LUFA/Drivers/USB/Class/Device/AudioClassDevice.o
 .debug_str     0x00000000      0x6bd src/LUFA/LUFA/Drivers/USB/Class/Device/AudioClassDevice.o
 .comment       0x00000000       0x31 src/LUFA/LUFA/Drivers/USB/Class/Device/AudioClassDevice.o
 .debug_frame   0x00000000       0xac src/LUFA/LUFA/Drivers/USB/Class/Device/AudioClassDevice.o
 .text          0x00000000        0x0 src/LUFA/LUFA/Drivers/USB/Class/Host/AudioClassHost.o
 .data          0x00000000        0x0 src/LUFA/LUFA/Drivers/USB/Class/Host/AudioClassHost.o
 .bss           0x00000000        0x0 src/LUFA/LUFA/Drivers/USB/Class/Host/AudioClassHost.o
 .debug_info    0x00000000       0x56 src/LUFA/LUFA/Drivers/USB/Class/Host/AudioClassHost.o
 .debug_abbrev  0x00000000       0x26 src/LUFA/LUFA/Drivers/USB/Class/Host/AudioClassHost.o
 .debug_aranges
                0x00000000       0x18 src/LUFA/LUFA/Drivers/USB/Class/Host/AudioClassHost.o
 .debug_line    0x00000000       0x1a src/LUFA/LUFA/Drivers/USB/Class/Host/AudioClassHost.o
 .debug_str     0x00000000      0x1a6 src/LUFA/LUFA/Drivers/USB/Class/Host/AudioClassHost.o
 .comment       0x00000000       0x31 src/LUFA/LUFA/Drivers/USB/Class/Host/AudioClassHost.o
 .text          0x00000000        0x0 src/LUFA/LUFA/Drivers/USB/Class/Host/AndroidAccessoryClassHost.o
 .data          0x00000000        0x0 src/LUFA/LUFA/Drivers/USB/Class/Host/AndroidAccessoryClassHost.o
 .bss           0x00000000        0x0 src/LUFA/LUFA/Drivers/USB/Class/Host/AndroidAccessoryClassHost.o
 .debug_info    0x00000000       0x56 src/LUFA/LUFA/Drivers/USB/Class/Host/AndroidAccessoryClassHost.o
 .debug_abbrev  0x00000000       0x26 src/LUFA/LUFA/Drivers/USB/Class/Host/AndroidAccessoryClassHost.o
 .debug_aranges
                0x00000000       0x18 src/LUFA/LUFA/Drivers/USB/Class/Host/AndroidAccessoryClassHost.o
 .debug_line    0x00000000       0x1a src/LUFA/LUFA/Drivers/USB/Class/Host/AndroidAccessoryClassHost.o
 .debug_str     0x00000000      0x1b1 src/LUFA/LUFA/Drivers/USB/Class/Host/AndroidAccessoryClassHost.o
 .comment       0x00000000       0x31 src/LUFA/LUFA/Drivers/USB/Class/Host/AndroidAccessoryClassHost.o
 .text          0x00000000        0x0 c:/program files (x86)/atmel/studio/7.0/toolchain/avr8/avr8-gnu-toolchain/bin/../lib/gcc/avr/5.4.0/avr5\libgcc.a(_exit.o)
 .data          0x00000000        0x0 c:/program files (x86)/atmel/studio/7.0/toolchain/avr8/avr8-gnu-toolchain/bin/../lib/gcc/avr/5.4.0/avr5\libgcc.a(_exit.o)
 .bss           0x00000000        0x0 c:/program files (x86)/atmel/studio/7.0/toolchain/avr8/avr8-gnu-toolchain/bin/../lib/gcc/avr/5.4.0/avr5\libgcc.a(_exit.o)
 .text.libgcc.mul
                0x00000000        0x0 c:/program files (x86)/atmel/studio/7.0/toolchain/avr8/avr8-gnu-toolchain/bin/../lib/gcc/avr/5.4.0/avr5\libgcc.a(_exit.o)
 .text.libgcc.div
                0x00000000        0x0 c:/program files (x86)/atmel/studio/7.0/toolchain/avr8/avr8-gnu-toolchain/bin/../lib/gcc/avr/5.4.0/avr5\libgcc.a(_exit.o)
 .text.libgcc   0x00000000        0x0 c:/program files (x86)/atmel/studio/7.0/toolchain/avr8/avr8-gnu-toolchain/bin/../lib/gcc/avr/5.4.0/avr5\libgcc.a(_exit.o)
 .text.libgcc.prologue
                0x00000000        0x0 c:/program files (x86)/atmel/studio/7.0/toolchain/avr8/avr8-gnu-toolchain/bin/../lib/gcc/avr/5.4.0/avr5\libgcc.a(_exit.o)
 .text.libgcc.builtins
                0x00000000        0x0 c:/program files (x86)/atmel/studio/7.0/toolchain/avr8/avr8-gnu-toolchain/bin/../lib/gcc/avr/5.4.0/avr5\libgcc.a(_exit.o)
 .text.libgcc.fmul
                0x00000000        0x0 c:/program files (x86)/atmel/studio/7.0/toolchain/avr8/avr8-gnu-toolchain/bin/../lib/gcc/avr/5.4.0/avr5\libgcc.a(_exit.o)
 .text.libgcc.fixed
                0x00000000        0x0 c:/program files (x86)/atmel/studio/7.0/toolchain/avr8/avr8-gnu-toolchain/bin/../lib/gcc/avr/5.4.0/avr5\libgcc.a(_exit.o)
 .text          0x00000000        0x0 c:/program files (x86)/atmel/studio/7.0/toolchain/avr8/avr8-gnu-toolchain/bin/../lib/gcc/avr/5.4.0/avr5\libgcc.a(_tablejump2.o)
 .data          0x00000000        0x0 c:/program files (x86)/atmel/studio/7.0/toolchain/avr8/avr8-gnu-toolchain/bin/../lib/gcc/avr/5.4.0/avr5\libgcc.a(_tablejump2.o)
 .bss           0x00000000        0x0 c:/program files (x86)/atmel/studio/7.0/toolchain/avr8/avr8-gnu-toolchain/bin/../lib/gcc/avr/5.4.0/avr5\libgcc.a(_tablejump2.o)
 .text.libgcc.mul
                0x00000000        0x0 c:/program files (x86)/atmel/studio/7.0/toolchain/avr8/avr8-gnu-toolchain/bin/../lib/gcc/avr/5.4.0/avr5\libgcc.a(_tablejump2.o)
 .text.libgcc.div
                0x00000000        0x0 c:/program files (x86)/atmel/studio/7.0/toolchain/avr8/avr8-gnu-toolchain/bin/../lib/gcc/avr/5.4.0/avr5\libgcc.a(_tablejump2.o)
 .text.libgcc.prologue
                0x00000000        0x0 c:/program files (x86)/atmel/studio/7.0/toolchain/avr8/avr8-gnu-toolchain/bin/../lib/gcc/avr/5.4.0/avr5\libgcc.a(_tablejump2.o)
 .text.libgcc.builtins
                0x00000000        0x0 c:/program files (x86)/atmel/studio/7.0/toolchain/avr8/avr8-gnu-toolchain/bin/../lib/gcc/avr/5.4.0/avr5\libgcc.a(_tablejump2.o)
 .text.libgcc.fmul
                0x00000000        0x0 c:/program files (x86)/atmel/studio/7.0/toolchain/avr8/avr8-gnu-toolchain/bin/../lib/gcc/avr/5.4.0/avr5\libgcc.a(_tablejump2.o)
 .text.libgcc.fixed
                0x00000000        0x0 c:/program files (x86)/atmel/studio/7.0/toolchain/avr8/avr8-gnu-toolchain/bin/../lib/gcc/avr/5.4.0/avr5\libgcc.a(_tablejump2.o)
 .text          0x00000000        0x0 c:/program files (x86)/atmel/studio/7.0/toolchain/avr8/avr8-gnu-toolchain/bin/../lib/gcc/avr/5.4.0/avr5\libgcc.a(_copy_data.o)
 .data          0x00000000        0x0 c:/program files (x86)/atmel/studio/7.0/toolchain/avr8/avr8-gnu-toolchain/bin/../lib/gcc/avr/5.4.0/avr5\libgcc.a(_copy_data.o)
 .bss           0x00000000        0x0 c:/program files (x86)/atmel/studio/7.0/toolchain/avr8/avr8-gnu-toolchain/bin/../lib/gcc/avr/5.4.0/avr5\libgcc.a(_copy_data.o)
 .text.libgcc.mul
                0x00000000        0x0 c:/program files (x86)/atmel/studio/7.0/toolchain/avr8/avr8-gnu-toolchain/bin/../lib/gcc/avr/5.4.0/avr5\libgcc.a(_copy_data.o)
 .text.libgcc.div
                0x00000000        0x0 c:/program files (x86)/atmel/studio/7.0/toolchain/avr8/avr8-gnu-toolchain/bin/../lib/gcc/avr/5.4.0/avr5\libgcc.a(_copy_data.o)
 .text.libgcc   0x00000000        0x0 c:/program files (x86)/atmel/studio/7.0/toolchain/avr8/avr8-gnu-toolchain/bin/../lib/gcc/avr/5.4.0/avr5\libgcc.a(_copy_data.o)
 .text.libgcc.prologue
                0x00000000        0x0 c:/program files (x86)/atmel/studio/7.0/toolchain/avr8/avr8-gnu-toolchain/bin/../lib/gcc/avr/5.4.0/avr5\libgcc.a(_copy_data.o)
 .text.libgcc.builtins
                0x00000000        0x0 c:/program files (x86)/atmel/studio/7.0/toolchain/avr8/avr8-gnu-toolchain/bin/../lib/gcc/avr/5.4.0/avr5\libgcc.a(_copy_data.o)
 .text.libgcc.fmul
                0x00000000        0x0 c:/program files (x86)/atmel/studio/7.0/toolchain/avr8/avr8-gnu-toolchain/bin/../lib/gcc/avr/5.4.0/avr5\libgcc.a(_copy_data.o)
 .text.libgcc.fixed
                0x00000000        0x0 c:/program files (x86)/atmel/studio/7.0/toolchain/avr8/avr8-gnu-toolchain/bin/../lib/gcc/avr/5.4.0/avr5\libgcc.a(_copy_data.o)
 .text          0x00000000        0x0 c:/program files (x86)/atmel/studio/7.0/toolchain/avr8/avr8-gnu-toolchain/bin/../lib/gcc/avr/5.4.0/avr5\libgcc.a(_clear_bss.o)
 .data          0x00000000        0x0 c:/program files (x86)/atmel/studio/7.0/toolchain/avr8/avr8-gnu-toolchain/bin/../lib/gcc/avr/5.4.0/avr5\libgcc.a(_clear_bss.o)
 .bss           0x00000000        0x0 c:/program files (x86)/atmel/studio/7.0/toolchain/avr8/avr8-gnu-toolchain/bin/../lib/gcc/avr/5.4.0/avr5\libgcc.a(_clear_bss.o)
 .text.libgcc.mul
                0x00000000        0x0 c:/program files (x86)/atmel/studio/7.0/toolchain/avr8/avr8-gnu-toolchain/bin/../lib/gcc/avr/5.4.0/avr5\libgcc.a(_clear_bss.o)
 .text.libgcc.div
                0x00000000        0x0 c:/program files (x86)/atmel/studio/7.0/toolchain/avr8/avr8-gnu-toolchain/bin/../lib/gcc/avr/5.4.0/avr5\libgcc.a(_clear_bss.o)
 .text.libgcc   0x00000000        0x0 c:/program files (x86)/atmel/studio/7.0/toolchain/avr8/avr8-gnu-toolchain/bin/../lib/gcc/avr/5.4.0/avr5\libgcc.a(_clear_bss.o)
 .text.libgcc.prologue
                0x00000000        0x0 c:/program files (x86)/atmel/studio/7.0/toolchain/avr8/avr8-gnu-toolchain/bin/../lib/gcc/avr/5.4.0/avr5\libgcc.a(_clear_bss.o)
 .text.libgcc.builtins
                0x00000000        0x0 c:/program files (x86)/atmel/studio/7.0/toolchain/avr8/avr8-gnu-toolchain/bin/../lib/gcc/avr/5.4.0/avr5\libgcc.a(_clear_bss.o)
 .text.libgcc.fmul
                0x00000000        0x0 c:/program files (x86)/atmel/studio/7.0/toolchain/avr8/avr8-gnu-toolchain/bin/../lib/gcc/avr/5.4.0/avr5\libgcc.a(_clear_bss.o)
 .text.libgcc.fixed
                0x00000000        0x0 c:/program files (x86)/atmel/studio/7.0/toolchain/avr8/avr8-gnu-toolchain/bin/../lib/gcc/avr/5.4.0/avr5\libgcc.a(_clear_bss.o)
 .text          0x00000000        0x0 c:/program files (x86)/atmel/studio/7.0/toolchain/avr8/avr8-gnu-toolchain/bin/../lib/gcc/avr/5.4.0/../../../../avr/lib/avr5\libc.a(memcpy_P.o)
 .data          0x00000000        0x0 c:/program files (x86)/atmel/studio/7.0/toolchain/avr8/avr8-gnu-toolchain/bin/../lib/gcc/avr/5.4.0/../../../../avr/lib/avr5\libc.a(memcpy_P.o)
 .bss           0x00000000        0x0 c:/program files (x86)/atmel/studio/7.0/toolchain/avr8/avr8-gnu-toolchain/bin/../lib/gcc/avr/5.4.0/../../../../avr/lib/avr5\libc.a(memcpy_P.o)
 .text.avr-libc
                0x00000000       0x12 c:/program files (x86)/atmel/studio/7.0/toolchain/avr8/avr8-gnu-toolchain/bin/../lib/gcc/avr/5.4.0/../../../../avr/lib/avr5\libc.a(memcpy_P.o)
 .text          0x00000000        0x0 c:/program files (x86)/atmel/studio/7.0/toolchain/avr8/avr8-gnu-toolchain/bin/../lib/gcc/avr/5.4.0/../../../../avr/lib/avr5\libc.a(strlen_P.o)
 .data          0x00000000        0x0 c:/program files (x86)/atmel/studio/7.0/toolchain/avr8/avr8-gnu-toolchain/bin/../lib/gcc/avr/5.4.0/../../../../avr/lib/avr5\libc.a(strlen_P.o)
 .bss           0x00000000        0x0 c:/program files (x86)/atmel/studio/7.0/toolchain/avr8/avr8-gnu-toolchain/bin/../lib/gcc/avr/5.4.0/../../../../avr/lib/avr5\libc.a(strlen_P.o)
 .text.avr-libc
                0x00000000       0x12 c:/program files (x86)/atmel/studio/7.0/toolchain/avr8/avr8-gnu-toolchain/bin/../lib/gcc/avr/5.4.0/../../../../avr/lib/avr5\libc.a(strlen_P.o)
 .text          0x00000000        0x0 c:/program files (x86)/atmel/studio/7.0/toolchain/avr8/avr8-gnu-toolchain/bin/../lib/gcc/avr/5.4.0/../../../../avr/lib/avr5\libc.a(memcmp.o)
 .data          0x00000000        0x0 c:/program files (x86)/atmel/studio/7.0/toolchain/avr8/avr8-gnu-toolchain/bin/../lib/gcc/avr/5.4.0/../../../../avr/lib/avr5\libc.a(memcmp.o)
 .bss           0x00000000        0x0 c:/program files (x86)/atmel/studio/7.0/toolchain/avr8/avr8-gnu-toolchain/bin/../lib/gcc/avr/5.4.0/../../../../avr/lib/avr5\libc.a(memcmp.o)
 .text          0x00000000        0x0 c:/program files (x86)/atmel/studio/7.0/toolchain/avr8/avr8-gnu-toolchain/bin/../lib/gcc/avr/5.4.0/../../../../avr/lib/avr5\libc.a(memcpy.o)
 .data          0x00000000        0x0 c:/program files (x86)/atmel/studio/7.0/toolchain/avr8/avr8-gnu-toolchain/bin/../lib/gcc/avr/5.4.0/../../../../avr/lib/avr5\libc.a(memcpy.o)
 .bss           0x00000000        0x0 c:/program files (x86)/atmel/studio/7.0/toolchain/avr8/avr8-gnu-toolchain/bin/../lib/gcc/avr/5.4.0/../../../../avr/lib/avr5\libc.a(memcpy.o)
 .text          0x00000000        0x0 c:/program files (x86)/atmel/studio/7.0/toolchain/avr8/avr8-gnu-toolchain/bin/../lib/gcc/avr/5.4.0/../../../../avr/lib/avr5\libc.a(memset.o)
 .data          0x00000000        0x0 c:/program files (x86)/atmel/studio/7.0/toolchain/avr8/avr8-gnu-toolchain/bin/../lib/gcc/avr/5.4.0/../../../../avr/lib/avr5\libc.a(memset.o)
 .bss           0x00000000        0x0 c:/program files (x86)/atmel/studio/7.0/toolchain/avr8/avr8-gnu-toolchain/bin/../lib/gcc/avr/5.4.0/../../../../avr/lib/avr5\libc.a(memset.o)
 .text          0x00000000        0x0 C:/Program Files (x86)/Atmel/Studio/7.0/Packs/atmel/ATmega_DFP/1.7.374/gcc/dev/atmega32u4/avr5\libatmega32u4.a(eerd_byte.o)
 .data          0x00000000        0x0 C:/Program Files (x86)/Atmel/Studio/7.0/Packs/atmel/ATmega_DFP/1.7.374/gcc/dev/atmega32u4/avr5\libatmega32u4.a(eerd_byte.o)
 .bss           0x00000000        0x0 C:/Program Files (x86)/Atmel/Studio/7.0/Packs/atmel/ATmega_DFP/1.7.374/gcc/dev/atmega32u4/avr5\libatmega32u4.a(eerd_byte.o)
 .text.avr-libc
                0x00000000       0x10 C:/Program Files (x86)/Atmel/Studio/7.0/Packs/atmel/ATmega_DFP/1.7.374/gcc/dev/atmega32u4/avr5\libatmega32u4.a(eerd_byte.o)
 .debug_line    0x00000000       0x7a C:/Program Files (x86)/Atmel/Studio/7.0/Packs/atmel/ATmega_DFP/1.7.374/gcc/dev/atmega32u4/avr5\libatmega32u4.a(eerd_byte.o)
 .debug_info    0x00000000       0x9a C:/Program Files (x86)/Atmel/Studio/7.0/Packs/atmel/ATmega_DFP/1.7.374/gcc/dev/atmega32u4/avr5\libatmega32u4.a(eerd_byte.o)
 .debug_abbrev  0x00000000       0x14 C:/Program Files (x86)/Atmel/Studio/7.0/Packs/atmel/ATmega_DFP/1.7.374/gcc/dev/atmega32u4/avr5\libatmega32u4.a(eerd_byte.o)
 .debug_aranges
                0x00000000       0x20 C:/Program Files (x86)/Atmel/Studio/7.0/Packs/atmel/ATmega_DFP/1.7.374/gcc/dev/atmega32u4/avr5\libatmega32u4.a(eerd_byte.o)
 .text          0x00000000        0x0 C:/Program Files (x86)/Atmel/Studio/7.0/Packs/atmel/ATmega_DFP/1.7.374/gcc/dev/atmega32u4/avr5\libatmega32u4.a(eeupd_byte.o)
 .data          0x00000000        0x0 C:/Program Files (x86)/Atmel/Studio/7.0/Packs/atmel/ATmega_DFP/1.7.374/gcc/dev/atmega32u4/avr5\libatmega32u4.a(eeupd_byte.o)
 .bss           0x00000000        0x0 C:/Program Files (x86)/Atmel/Studio/7.0/Packs/atmel/ATmega_DFP/1.7.374/gcc/dev/atmega32u4/avr5\libatmega32u4.a(eeupd_byte.o)
 .text.avr-libc
                0x00000000       0x24 C:/Program Files (x86)/Atmel/Studio/7.0/Packs/atmel/ATmega_DFP/1.7.374/gcc/dev/atmega32u4/avr5\libatmega32u4.a(eeupd_byte.o)
 .debug_line    0x00000000       0xb6 C:/Program Files (x86)/Atmel/Studio/7.0/Packs/atmel/ATmega_DFP/1.7.374/gcc/dev/atmega32u4/avr5\libatmega32u4.a(eeupd_byte.o)
 .debug_info    0x00000000       0x9b C:/Program Files (x86)/Atmel/Studio/7.0/Packs/atmel/ATmega_DFP/1.7.374/gcc/dev/atmega32u4/avr5\libatmega32u4.a(eeupd_byte.o)
 .debug_abbrev  0x00000000       0x14 C:/Program Files (x86)/Atmel/Studio/7.0/Packs/atmel/ATmega_DFP/1.7.374/gcc/dev/atmega32u4/avr5\libatmega32u4.a(eeupd_byte.o)
 .debug_aranges
                0x00000000       0x20 C:/Program Files (x86)/Atmel/Studio/7.0/Packs/atmel/ATmega_DFP/1.7.374/gcc/dev/atmega32u4/avr5\libatmega32u4.a(eeupd_byte.o)

Memory Configuration

Name             Origin             Length             Attributes
text             0x00000000         0x00008000         xr
data             0x00800100         0x00000a00         rw !x
eeprom           0x00810000         0x00000400         rw !x
fuse             0x00820000         0x00000003         rw !x
lock             0x00830000         0x00000400         rw !x
signature        0x00840000         0x00000400         rw !x
user_signatures  0x00850000         0x00000400         rw !x
*default*        0x00000000         0xffffffff

Linker script and memory map

Address of section .data set to 0x800100
LOAD C:/Program Files (x86)/Atmel/Studio/7.0/Packs/atmel/ATmega_DFP/1.7.374/gcc/dev/atmega32u4/avr5/crtatmega32u4.o
LOAD Descriptors.o
LOAD Keyboard.o
LOAD src/Drivers/i2c.o
LOAD src/Drivers/oled.o
LOAD src/LUFA/LUFA/Drivers/USB/Class/Common/HIDParser.o
LOAD src/LUFA/LUFA/Drivers/USB/Core/AVR8/Device_AVR8.o
LOAD src/LUFA/LUFA/Drivers/USB/Core/AVR8/EndpointStream_AVR8.o
LOAD src/LUFA/LUFA/Drivers/USB/Core/AVR8/Endpoint_AVR8.o
LOAD src/LUFA/LUFA/Drivers/USB/Core/AVR8/Host_AVR8.o
LOAD src/LUFA/LUFA/Drivers/USB/Core/AVR8/PipeStream_AVR8.o
LOAD src/LUFA/LUFA/Drivers/USB/Core/AVR8/Pipe_AVR8.o
LOAD src/LUFA/LUFA/Drivers/USB/Core/AVR8/Template/Template_Endpoint_Control_R.o
LOAD src/LUFA/LUFA/Drivers/USB/Core/AVR8/Template/Template_Endpoint_Control_W.o
LOAD src/LUFA/LUFA/Drivers/USB/Core/AVR8/Template/Template_Endpoint_RW.o
LOAD src/LUFA/LUFA/Drivers/USB/Core/AVR8/Template/Template_Pipe_RW.o
LOAD src/LUFA/LUFA/Drivers/USB/Core/AVR8/USBController_AVR8.o
LOAD src/LUFA/LUFA/Drivers/USB/Core/AVR8/USBInterrupt_AVR8.o
LOAD src/LUFA/LUFA/Drivers/USB/Core/ConfigDescriptors.o
LOAD src/LUFA/LUFA/Drivers/USB/Core/DeviceStandardReq.o
LOAD src/LUFA/LUFA/Drivers/USB/Core/Events.o
LOAD src/LUFA/LUFA/Drivers/USB/Core/HostStandardReq.o
LOAD src/LUFA/LUFA/Drivers/USB/Core/USBTask.o
LOAD src/LUFA/LUFA/Drivers/USB/Class/Host/StillImageClassHost.o
LOAD src/LUFA/LUFA/Drivers/USB/Class/Host/RNDISClassHost.o
LOAD src/LUFA/LUFA/Drivers/USB/Class/Device/PrinterClassDevice.o
LOAD src/LUFA/LUFA/Drivers/USB/Class/Device/RNDISClassDevice.o
LOAD src/LUFA/LUFA/Drivers/USB/Class/Host/PrinterClassHost.o
LOAD src/LUFA/LUFA/Drivers/USB/Class/Device/MassStorageClassDevice.o
LOAD src/LUFA/LUFA/Drivers/USB/Class/Host/MassStorageClassHost.o
LOAD src/LUFA/LUFA/Drivers/USB/Class/Host/MIDIClassHost.o
LOAD src/LUFA/LUFA/Drivers/USB/Class/Device/MIDIClassDevice.o
LOAD src/LUFA/LUFA/Drivers/USB/Class/Host/HIDClassHost.o
LOAD src/LUFA/LUFA/Drivers/USB/Class/Device/CDCClassDevice.o
LOAD src/LUFA/LUFA/Drivers/USB/Class/Device/HIDClassDevice.o
LOAD src/LUFA/LUFA/Drivers/USB/Class/Host/CDCClassHost.o
LOAD src/LUFA/LUFA/Drivers/USB/Class/Device/AudioClassDevice.o
LOAD src/LUFA/LUFA/Drivers/USB/Class/Host/AudioClassHost.o
LOAD src/LUFA/LUFA/Drivers/USB/Class/Host/AndroidAccessoryClassHost.o
START GROUP
LOAD c:/program files (x86)/atmel/studio/7.0/toolchain/avr8/avr8-gnu-toolchain/bin/../lib/gcc/avr/5.4.0/../../../../avr/lib/avr5\libm.a
END GROUP
START GROUP
LOAD c:/program files (x86)/atmel/studio/7.0/toolchain/avr8/avr8-gnu-toolchain/bin/../lib/gcc/avr/5.4.0/avr5\libgcc.a
LOAD c:/program files (x86)/atmel/studio/7.0/toolchain/avr8/avr8-gnu-toolchain/bin/../lib/gcc/avr/5.4.0/../../../../avr/lib/avr5\libm.a
LOAD c:/program files (x86)/atmel/studio/7.0/toolchain/avr8/avr8-gnu-toolchain/bin/../lib/gcc/avr/5.4.0/../../../../avr/lib/avr5\libc.a
LOAD C:/Program Files (x86)/Atmel/Studio/7.0/Packs/atmel/ATmega_DFP/1.7.374/gcc/dev/atmega32u4/avr5\libatmega32u4.a
END GROUP
                0x00000000                __TEXT_REGION_ORIGIN__ = DEFINED (__TEXT_REGION_ORIGIN__)?__TEXT_REGION_ORIGIN__:0x0
                [0x00800100]                __DATA_REGION_ORIGIN__ = DEFINED (__DATA_REGION_ORIGIN__)?__DATA_REGION_ORIGIN__:0x800060
                [0x00008000]                __TEXT_REGION_LENGTH__ = DEFINED (__TEXT_REGION_LENGTH__)?__TEXT_REGION_LENGTH__:0x20000
                [0x00000a00]                __DATA_REGION_LENGTH__ = DEFINED (__DATA_REGION_LENGTH__)?__DATA_REGION_LENGTH__:0xffa0
                [0x00000400]                __EEPROM_REGION_LENGTH__ = DEFINED (__EEPROM_REGION_LENGTH__)?__EEPROM_REGION_LENGTH__:0x10000
                [0x00000003]                __FUSE_REGION_LENGTH__ = DEFINED (__FUSE_REGION_LENGTH__)?__FUSE_REGION_LENGTH__:0x400
                0x00000400                __LOCK_REGION_LENGTH__ = DEFINED (__LOCK_REGION_LENGTH__)?__LOCK_REGION_LENGTH__:0x400
                0x00000400                __SIGNATURE_REGION_LENGTH__ = DEFINED (__SIGNATURE_REGION_LENGTH__)?__SIGNATURE_REGION_LENGTH__:0x400
                0x00000400                __USER_SIGNATURE_REGION_LENGTH__ = DEFINED (__USER_SIGNATURE_REGION_LENGTH__)?__USER_SIGNATURE_REGION_LENGTH__:0x400

.hash
 *(.hash)

.dynsym
 *(.dynsym)

.dynstr
 *(.dynstr)

.gnu.version
 *(.gnu.version)

.gnu.version_d
 *(.gnu.version_d)

.gnu.version_r
 *(.gnu.version_r)

.rel.init
 *(.rel.init)

.rela.init
 *(.rela.init)

.rel.text
 *(.rel.text)
 *(.rel.text.*)
 *(.rel.gnu.linkonce.t*)

.rela.text
 *(.rela.text)
 *(.rela.text.*)
 *(.rela.gnu.linkonce.t*)

.rel.fini
 *(.rel.fini)

.rela.fini
 *(.rela.fini)

.rel.rodata
 *(.rel.rodata)
 *(.rel.rodata.*)
 *(.rel.gnu.linkonce.r*)

.rela.rodata
 *(.rela.rodata)
 *(.rela.rodata.*)
 *(.rela.gnu.linkonce.r*)

.rel.data
 *(.rel.data)
 *(.rel.data.*)
 *(.rel.gnu.linkonce.d*)

.rela.data
 *(.rela.data)
 *(.rela.data.*)
 *(.rela.gnu.linkonce.d*)

.rel.ctors
 *(.rel.ctors)

.rela.ctors
 *(.rela.ctors)

.rel.dtors
 *(.rel.dtors)

.rela.dtors
 *(.rela.dtors)

.rel.got
 *(.rel.got)

.rela.got
 *(.rela.got)

.rel.bss
 *(.rel.bss)

.rela.bss
 *(.rela.bss)

.rel.plt
 *(.rel.plt)

.rela.plt
 *(.rela.plt)

.text           0x00000000     0x159a
 *(.vectors)
 .vectors       0x00000000       0xac C:/Program Files (x86)/Atmel/Studio/7.0/Packs/atmel/ATmega_DFP/1.7.374/gcc/dev/atmega32u4/avr5/crtatmega32u4.o
                0x00000000                __vector_default
                0x00000000                __vectors
 *(.vectors)
 *(.progmem.gcc*)
 .progmem.gcc_sw_table.USB_Device_ProcessControlRequest
                0x000000ac       0x14 src/LUFA/LUFA/Drivers/USB/Core/DeviceStandardReq.o
                0x000000c0                . = ALIGN (0x2)
                0x000000c0                __trampolines_start = .
 *(.trampolines)
 .trampolines   0x000000c0        0x0 linker stubs
 *(.trampolines*)
                0x000000c0                __trampolines_end = .
 *libprintf_flt.a:*(.progmem.data)
 *libc.a:*(.progmem.data)
 *(.progmem*)
 .progmem.data.ProductString
                0x000000c0       0x34 Descriptors.o
                0x000000c0                ProductString
 .progmem.data.ManufacturerString
                0x000000f4       0x3c Descriptors.o
                0x000000f4                ManufacturerString
 .progmem.data.LanguageString
                0x00000130        0x4 Descriptors.o
                0x00000130                LanguageString
 .progmem.data.ConfigurationDescriptor
                0x00000134       0x22 Descriptors.o
                0x00000134                ConfigurationDescriptor
 .progmem.data.DeviceDescriptor
                0x00000156       0x12 Descriptors.o
                0x00000156                DeviceDescriptor
 .progmem.data.KeyboardReport
                0x00000168       0x40 Descriptors.o
                0x00000168                KeyboardReport
                0x000001a8                . = ALIGN (0x2)
 *(.jumptables)
 *(.jumptables*)
 *(.lowtext)
 *(.lowtext*)
                0x000001a8                __ctors_start = .
 *(.ctors)
                0x000001a8                __ctors_end = .
                0x000001a8                __dtors_start = .
 *(.dtors)
                0x000001a8                __dtors_end = .
 SORT(*)(.ctors)
 SORT(*)(.dtors)
 *(.init0)
 .init0         0x000001a8        0x0 C:/Program Files (x86)/Atmel/Studio/7.0/Packs/atmel/ATmega_DFP/1.7.374/gcc/dev/atmega32u4/avr5/crtatmega32u4.o
                0x000001a8                __init
 *(.init0)
 *(.init1)
 *(.init1)
 *(.init2)
 .init2         0x000001a8        0xc C:/Program Files (x86)/Atmel/Studio/7.0/Packs/atmel/ATmega_DFP/1.7.374/gcc/dev/atmega32u4/avr5/crtatmega32u4.o
 *(.init2)
 *(.init3)
 *(.init3)
 *(.init4)
 .init4         0x000001b4       0x16 c:/program files (x86)/atmel/studio/7.0/toolchain/avr8/avr8-gnu-toolchain/bin/../lib/gcc/avr/5.4.0/avr5\libgcc.a(_copy_data.o)
                0x000001b4                __do_copy_data
 .init4         0x000001ca       0x10 c:/program files (x86)/atmel/studio/7.0/toolchain/avr8/avr8-gnu-toolchain/bin/../lib/gcc/avr/5.4.0/avr5\libgcc.a(_clear_bss.o)
                0x000001ca                __do_clear_bss
 *(.init4)
 *(.init5)
 *(.init5)
 *(.init6)
 *(.init6)
 *(.init7)
 *(.init7)
 *(.init8)
 *(.init8)
 *(.init9)
 .init9         0x000001da        0x8 C:/Program Files (x86)/Atmel/Studio/7.0/Packs/atmel/ATmega_DFP/1.7.374/gcc/dev/atmega32u4/avr5/crtatmega32u4.o
 *(.init9)
 *(.text)
 .text          0x000001e2        0x4 C:/Program Files (x86)/Atmel/Studio/7.0/Packs/atmel/ATmega_DFP/1.7.374/gcc/dev/atmega32u4/avr5/crtatmega32u4.o
                0x000001e2                __vector_38
                0x000001e2                __vector_22
                0x000001e2                __vector_28
                0x000001e2                __vector_1
                0x000001e2                __vector_32
                0x000001e2                __vector_34
                0x000001e2                __vector_24
                0x000001e2                __vector_12
                0x000001e2                __bad_interrupt
                0x000001e2                __vector_6
                0x000001e2                __vector_31
                0x000001e2                __vector_35
                0x000001e2                __vector_39
                0x000001e2                __vector_3
                0x000001e2                __vector_23
                0x000001e2                __vector_30
                0x000001e2                __vector_25
                0x000001e2                __vector_11
                0x000001e2                __vector_13
                0x000001e2                __vector_17
                0x000001e2                __vector_19
                0x000001e2                __vector_7
                0x000001e2                __vector_41
                0x000001e2                __vector_27
                0x000001e2                __vector_5
                0x000001e2                __vector_33
                0x000001e2                __vector_37
                0x000001e2                __vector_4
                0x000001e2                __vector_9
                0x000001e2                __vector_2
                0x000001e2                __vector_21
                0x000001e2                __vector_15
                0x000001e2                __vector_36
                0x000001e2                __vector_29
                0x000001e2                __vector_40
                0x000001e2                __vector_8
                0x000001e2                __vector_26
                0x000001e2                __vector_14
                0x000001e2                __vector_16
                0x000001e2                __vector_18
                0x000001e2                __vector_20
                0x000001e2                __vector_42
                0x000001e6                . = ALIGN (0x2)
 *(.text.*)
 .text.CALLBACK_USB_GetDescriptor
                0x000001e6       0x9e Descriptors.o
                0x000001e6                CALLBACK_USB_GetDescriptor
 .text.paw_down
                0x00000284       0x1e Keyboard.o
                0x00000284                paw_down
 .text.paw_up   0x000002a2        0xa Keyboard.o
                0x000002a2                paw_up
 .text.SetupHardware
                0x000002ac       0x34 Keyboard.o
                0x000002ac                SetupHardware
 .text.main     0x000002e0       0x78 Keyboard.o
                0x000002e0                main
 .text.EVENT_USB_Device_ConfigurationChanged
                0x00000358       0x14 Keyboard.o
                0x00000358                EVENT_USB_Device_ConfigurationChanged
 .text.EVENT_USB_Device_ControlRequest
                0x0000036c        0xa Keyboard.o
                0x0000036c                EVENT_USB_Device_ControlRequest
 .text.EVENT_USB_Device_StartOfFrame
                0x00000376       0x4e Keyboard.o
                0x00000376                EVENT_USB_Device_StartOfFrame
 .text.CALLBACK_HID_Device_CreateHIDReport
                0x000003c4       0xa2 Keyboard.o
                0x000003c4                CALLBACK_HID_Device_CreateHIDReport
 .text.CALLBACK_HID_Device_ProcessHIDReport
                0x00000466        0x2 Keyboard.o
                0x00000466                CALLBACK_HID_Device_ProcessHIDReport
 .text.i2c_init
                0x00000468       0x14 src/Drivers/i2c.o
                0x00000468                i2c_init
 .text.i2c_reset
                0x0000047c        0xc src/Drivers/i2c.o
                0x0000047c                i2c_reset
 .text.i2c_send_start
                0x00000488       0x1e src/Drivers/i2c.o
                0x00000488                i2c_send_start
 .text.i2c_send_stop
                0x000004a6       0x10 src/Drivers/i2c.o
                0x000004a6                i2c_send_stop
 .text.i2c_enter_MT_mode
                0x000004b6       0x16 src/Drivers/i2c.o
                0x000004b6                i2c_enter_MT_mode
 .text.i2c_send
                0x000004cc       0x1e src/Drivers/i2c.o
                0x000004cc                i2c_send
 .text.oled_init
                0x000004ea       0x94 src/Drivers/oled.o
                0x000004ea                oled_init
 .text.oled_set_addressing
                0x0000057e       0x46 src/Drivers/oled.o
                0x0000057e                oled_set_addressing
 .text.oled_start_update
                0x000005c4       0x22 src/Drivers/oled.o
                0x000005c4                oled_start_update
 .text.oled_update_step
                0x000005e6       0x8a src/Drivers/oled.o
                0x000005e6                oled_update_step
 .text.Endpoint_Write_Stream_LE
                0x00000670       0x9a src/LUFA/LUFA/Drivers/USB/Core/AVR8/EndpointStream_AVR8.o
                0x00000670                Endpoint_Write_Stream_LE
 .text.Endpoint_Write_Control_Stream_LE
                0x0000070a       0xd4 src/LUFA/LUFA/Drivers/USB/Core/AVR8/EndpointStream_AVR8.o
                0x0000070a                Endpoint_Write_Control_Stream_LE
 .text.Endpoint_Read_Control_Stream_LE
                0x000007de       0x96 src/LUFA/LUFA/Drivers/USB/Core/AVR8/EndpointStream_AVR8.o
                0x000007de                Endpoint_Read_Control_Stream_LE
 .text.Endpoint_Write_Control_PStream_LE
                0x00000874       0xd6 src/LUFA/LUFA/Drivers/USB/Core/AVR8/EndpointStream_AVR8.o
                0x00000874                Endpoint_Write_Control_PStream_LE
 .text.Endpoint_ConfigureEndpoint_Prv
                0x0000094a       0x68 src/LUFA/LUFA/Drivers/USB/Core/AVR8/Endpoint_AVR8.o
                0x0000094a                Endpoint_ConfigureEndpoint_Prv
 .text.Endpoint_ConfigureEndpointTable
                0x000009b2       0x8e src/LUFA/LUFA/Drivers/USB/Core/AVR8/Endpoint_AVR8.o
                0x000009b2                Endpoint_ConfigureEndpointTable
 .text.Endpoint_ClearStatusStage
                0x00000a40       0x42 src/LUFA/LUFA/Drivers/USB/Core/AVR8/Endpoint_AVR8.o
                0x00000a40                Endpoint_ClearStatusStage
 .text.Endpoint_WaitUntilReady
                0x00000a82       0x74 src/LUFA/LUFA/Drivers/USB/Core/AVR8/Endpoint_AVR8.o
                0x00000a82                Endpoint_WaitUntilReady
 .text.USB_Init_Device
                0x00000af6       0x58 src/LUFA/LUFA/Drivers/USB/Core/AVR8/USBController_AVR8.o
 .text.USB_ResetInterface
                0x00000b4e       0x34 src/LUFA/LUFA/Drivers/USB/Core/AVR8/USBController_AVR8.o
                0x00000b4e                USB_ResetInterface
 .text.USB_Init
                0x00000b82       0x24 src/LUFA/LUFA/Drivers/USB/Core/AVR8/USBController_AVR8.o
                0x00000b82                USB_Init
 .text.USB_INT_DisableAllInterrupts
                0x00000ba6       0x10 src/LUFA/LUFA/Drivers/USB/Core/AVR8/USBInterrupt_AVR8.o
                0x00000ba6                USB_INT_DisableAllInterrupts
 .text.USB_INT_ClearAllInterrupts
                0x00000bb6        0xa src/LUFA/LUFA/Drivers/USB/Core/AVR8/USBInterrupt_AVR8.o
                0x00000bb6                USB_INT_ClearAllInterrupts
 .text.__vector_10
                0x00000bc0      0x18e src/LUFA/LUFA/Drivers/USB/Core/AVR8/USBInterrupt_AVR8.o
                0x00000bc0                __vector_10
 .text.USB_Device_GetStatus
                0x00000d4e       0x62 src/LUFA/LUFA/Drivers/USB/Core/DeviceStandardReq.o
 .text.USB_Device_ClearSetFeature
                0x00000db0       0x9a src/LUFA/LUFA/Drivers/USB/Core/DeviceStandardReq.o
 .text.USB_Device_SetAddress
                0x00000e4a       0x46 src/LUFA/LUFA/Drivers/USB/Core/DeviceStandardReq.o
 .text.USB_Device_GetConfiguration
                0x00000e90       0x1e src/LUFA/LUFA/Drivers/USB/Core/DeviceStandardReq.o
 .text.USB_Device_GetInternalSerialDescriptor
                0x00000eae       0xa6 src/LUFA/LUFA/Drivers/USB/Core/DeviceStandardReq.o
 .text.USB_Device_GetDescriptor
                0x00000f54       0x66 src/LUFA/LUFA/Drivers/USB/Core/DeviceStandardReq.o
 .text.USB_Device_SetConfiguration
                0x00000fba       0x4c src/LUFA/LUFA/Drivers/USB/Core/DeviceStandardReq.o
 .text.USB_Device_ProcessControlRequest
                0x00001006       0xa0 src/LUFA/LUFA/Drivers/USB/Core/DeviceStandardReq.o
                0x00001006                USB_Device_ProcessControlRequest
 .text.USB_Event_Stub
                0x000010a6        0x2 src/LUFA/LUFA/Drivers/USB/Core/Events.o
                0x000010a6                EVENT_USB_Device_WakeUp
                0x000010a6                USB_Event_Stub
                0x000010a6                EVENT_USB_Device_Suspend
                0x000010a6                EVENT_USB_Device_Disconnect
                0x000010a6                EVENT_USB_Device_Reset
                0x000010a6                EVENT_USB_Device_Connect
 .text.USB_DeviceTask
                0x000010a8       0x36 src/LUFA/LUFA/Drivers/USB/Core/USBTask.o
 .text.USB_USBTask
                0x000010de        0x6 src/LUFA/LUFA/Drivers/USB/Core/USBTask.o
                0x000010de                USB_USBTask
 .text.HID_Device_ProcessControlRequest
                0x000010e4      0x2ba src/LUFA/LUFA/Drivers/USB/Class/Device/HIDClassDevice.o
                0x000010e4                HID_Device_ProcessControlRequest
 .text.HID_Device_ConfigureEndpoints
                0x0000139e       0x2a src/LUFA/LUFA/Drivers/USB/Class/Device/HIDClassDevice.o
                0x0000139e                HID_Device_ConfigureEndpoints
 .text.HID_Device_USBTask
                0x000013c8      0x188 src/LUFA/LUFA/Drivers/USB/Class/Device/HIDClassDevice.o
                0x000013c8                HID_Device_USBTask
 .text.libgcc   0x00001550        0xc c:/program files (x86)/atmel/studio/7.0/toolchain/avr8/avr8-gnu-toolchain/bin/../lib/gcc/avr/5.4.0/avr5\libgcc.a(_tablejump2.o)
                0x00001550                __tablejump2__
 .text.avr-libc
                0x0000155c       0x1a c:/program files (x86)/atmel/studio/7.0/toolchain/avr8/avr8-gnu-toolchain/bin/../lib/gcc/avr/5.4.0/../../../../avr/lib/avr5\libc.a(memcmp.o)
                0x0000155c                memcmp
 .text.avr-libc
                0x00001576       0x12 c:/program files (x86)/atmel/studio/7.0/toolchain/avr8/avr8-gnu-toolchain/bin/../lib/gcc/avr/5.4.0/../../../../avr/lib/avr5\libc.a(memcpy.o)
                0x00001576                memcpy
 .text.avr-libc
                0x00001588        0xe c:/program files (x86)/atmel/studio/7.0/toolchain/avr8/avr8-gnu-toolchain/bin/../lib/gcc/avr/5.4.0/../../../../avr/lib/avr5\libc.a(memset.o)
                0x00001588                memset
                0x00001596                . = ALIGN (0x2)
 *(.fini9)
 .fini9         0x00001596        0x0 c:/program files (x86)/atmel/studio/7.0/toolchain/avr8/avr8-gnu-toolchain/bin/../lib/gcc/avr/5.4.0/avr5\libgcc.a(_exit.o)
                0x00001596                _exit
                0x00001596                exit
 *(.fini9)
 *(.fini8)
 *(.fini8)
 *(.fini7)
 *(.fini7)
 *(.fini6)
 *(.fini6)
 *(.fini5)
 *(.fini5)
 *(.fini4)
 *(.fini4)
 *(.fini3)
 *(.fini3)
 *(.fini2)
 *(.fini2)
 *(.fini1)
 *(.fini1)
 *(.fini0)
 .fini0         0x00001596        0x4 c:/program files (x86)/atmel/studio/7.0/toolchain/avr8/avr8-gnu-toolchain/bin/../lib/gcc/avr/5.4.0/avr5\libgcc.a(_exit.o)
 *(.fini0)
                0x0000159a                _etext = .

.data           0x00800100      0x410 load address 0x0000159a
                0x00800100                PROVIDE (__data_start, .)
 *(.data)
 *(.data*)
 .data.Keyboard_HID_Interface
                0x00800100       0x10 Keyboard.o
                0x00800100                Keyboard_HID_Interface
 .data.frame_one
                0x00800110      0x400 Keyboard.o
 *(.gnu.linkonce.d*)
 *(.rodata)
 *(.rodata*)
 *(.gnu.linkonce.r*)
                0x00800510                . = ALIGN (0x2)
                0x00800510                _edata = .
                0x00800510                PROVIDE (__data_end, .)

.bss            0x00800510       0x1e
                0x00800510                PROVIDE (__bss_start, .)
 *(.bss)
 *(.bss*)
 .bss.last_frame.4316
                0x00800510        0x1 Keyboard.o
 .bss.paw_timer_in_ms
                0x00800511        0x2 Keyboard.o
                0x00800511                paw_timer_in_ms
 .bss.paw_state
                0x00800513        0x1 Keyboard.o
                0x00800513                paw_state
 .bss.PrevKeyboardHIDReportBuffer
                0x00800514        0x8 Keyboard.o
 .bss.oled_buf  0x0080051c        0x2 src/Drivers/oled.o
 .bss.oled_index
                0x0080051e        0x2 src/Drivers/oled.o
 .bss.oled_busy
                0x00800520        0x1 src/Drivers/oled.o
                0x00800520                oled_busy
 *(COMMON)
 COMMON         0x00800521        0x3 src/LUFA/LUFA/Drivers/USB/Core/DeviceStandardReq.o
                0x00800521                USB_Device_ConfigurationNumber
                0x00800522                USB_Device_CurrentlySelfPowered
                0x00800523                USB_Device_RemoteWakeupEnabled
 COMMON         0x00800524        0xa src/LUFA/LUFA/Drivers/USB/Core/USBTask.o
                0x00800524                USB_IsInitialized
                0x00800525                USB_DeviceState
                0x00800526                USB_ControlRequest
                0x0080052e                PROVIDE (__bss_end, .)
                0x0000159a                __data_load_start = LOADADDR (.data)
                0x000019aa                __data_load_end = (__data_load_start + SIZEOF (.data))

.noinit         0x0080052e        0x0
                [!provide]                PROVIDE (__noinit_start, .)
 *(.noinit*)
                [!provide]                PROVIDE (__noinit_end, .)
                0x0080052e                _end = .
                [!provide]                PROVIDE (__heap_start, .)

.eeprom         0x00810000        0x0
 *(.eeprom*)
                0x00810000                __eeprom_end = .

.fuse
 *(.fuse)
 *(.lfuse)
 *(.hfuse)
 *(.efuse)

.lock
 *(.lock*)

.signature
 *(.signature*)

.user_signatures
 *(.user_signatures*)

.stab
 *(.stab)

.stabstr
 *(.stabstr)

.stab.excl
 *(.stab.excl)

.stab.exclstr
 *(.stab.exclstr)

.stab.index
 *(.stab.index)

.stab.indexstr
 *(.stab.indexstr)

.comment        0x00000000       0x30
 *(.comment)
 .comment       0x00000000       0x30 Descriptors.o
                                 0x31 (size before relaxing)
 .comment       0x00000030       0x31 Keyboard.o
 .comment       0x00000030       0x31 src/Drivers/i2c.o
 .comment       0x00000030       0x31 src/Drivers/oled.o
 .comment       0x00000030       0x31 src/LUFA/LUFA/Drivers/USB/Core/AVR8/EndpointStream_AVR8.o
 .comment       0x00000030       0x31 src/LUFA/LUFA/Drivers/USB/Core/AVR8/Endpoint_AVR8.o
 .comment       0x00000030       0x31 src/LUFA/LUFA/Drivers/USB/Core/AVR8/USBController_AVR8.o
 .comment       0x00000030       0x31 src/LUFA/LUFA/Drivers/USB/Core/AVR8/USBInterrupt_AVR8.o
 .comment       0x00000030       0x31 src/LUFA/LUFA/Drivers/USB/Core/DeviceStandardReq.o
 .comment       0x00000030       0x31 src/LUFA/LUFA/Drivers/USB/Core/Events.o
 .comment       0x00000030       0x31 src/LUFA/LUFA/Drivers/USB/Core/USBTask.o
 .comment       0x00000030       0x31 src/LUFA/LUFA/Drivers/USB/Class/Device/HIDClassDevice.o

.note.gnu.avr.deviceinfo
                0x00000000       0x40
 .note.gnu.avr.deviceinfo
                0x00000000       0x40 C:/Program Files (x86)/Atmel/Studio/7.0/Packs/atmel/ATmega_DFP/1.7.374/gcc/dev/atmega32u4/avr5/crtatmega32u4.o

.note.gnu.build-id
 *(.note.gnu.build-id)

.debug
 *(.debug)

.line
 *(.line)

.debug_srcinfo
 *(.debug_srcinfo)

.debug_sfnames
 *(.debug_sfnames)

.debug_aranges  0x00000000      0x378
 *(.debug_aranges)
 .debug_aranges
                0x00000000       0x20 Descriptors.o
 .debug_aranges
                0x00000020       0x60 Keyboard.o
 .debug_aranges
                0x00000080       0x60 src/Drivers/i2c.o
 .debug_aranges
                0x000000e0       0x58 src/Drivers/oled.o
 .debug_aranges
                0x00000138       0xc8 src/LUFA/LUFA/Drivers/USB/Core/AVR8/EndpointStream_AVR8.o
 .debug_aranges
                0x00000200       0x40 src/LUFA/LUFA/Drivers/USB/Core/AVR8/Endpoint_AVR8.o
 .debug_aranges
                0x00000240       0x38 src/LUFA/LUFA/Drivers/USB/Core/AVR8/USBController_AVR8.o
 .debug_aranges
                0x00000278       0x30 src/LUFA/LUFA/Drivers/USB/Core/AVR8/USBInterrupt_AVR8.o
 .debug_aranges
                0x000002a8       0x58 src/LUFA/LUFA/Drivers/USB/Core/DeviceStandardReq.o
 .debug_aranges
                0x00000300       0x20 src/LUFA/LUFA/Drivers/USB/Core/Events.o
 .debug_aranges
                0x00000320       0x28 src/LUFA/LUFA/Drivers/USB/Core/USBTask.o
 .debug_aranges
                0x00000348       0x30 src/LUFA/LUFA/Drivers/USB/Class/Device/HIDClassDevice.o

.debug_pubnames
 *(.debug_pubnames)

.debug_info     0x00000000     0x65d1
 *(.debug_info .gnu.linkonce.wi.*)
 .debug_info    0x00000000      0x9f4 C:/Program Files (x86)/Atmel/Studio/7.0/Packs/atmel/ATmega_DFP/1.7.374/gcc/dev/atmega32u4/avr5/crtatmega32u4.o
 .debug_info    0x000009f4      0x70c Descriptors.o
 .debug_info    0x00001100      0xca8 Keyboard.o
 .debug_info    0x00001da8      0x1ac src/Drivers/i2c.o
 .debug_info    0x00001f54      0x65e src/Drivers/oled.o
 .debug_info    0x000025b2     0x1822 src/LUFA/LUFA/Drivers/USB/Core/AVR8/EndpointStream_AVR8.o
 .debug_info    0x00003dd4      0x620 src/LUFA/LUFA/Drivers/USB/Core/AVR8/Endpoint_AVR8.o
 .debug_info    0x000043f4      0x4ec src/LUFA/LUFA/Drivers/USB/Core/AVR8/USBController_AVR8.o
 .debug_info    0x000048e0      0x687 src/LUFA/LUFA/Drivers/USB/Core/AVR8/USBInterrupt_AVR8.o
 .debug_info    0x00004f67      0xa43 src/LUFA/LUFA/Drivers/USB/Core/DeviceStandardReq.o
 .debug_info    0x000059aa       0x78 src/LUFA/LUFA/Drivers/USB/Core/Events.o
 .debug_info    0x00005a22      0x268 src/LUFA/LUFA/Drivers/USB/Core/USBTask.o
 .debug_info    0x00005c8a      0x947 src/LUFA/LUFA/Drivers/USB/Class/Device/HIDClassDevice.o

.debug_abbrev   0x00000000     0x1e48
 *(.debug_abbrev)
 .debug_abbrev  0x00000000      0x96a C:/Program Files (x86)/Atmel/Studio/7.0/Packs/atmel/ATmega_DFP/1.7.374/gcc/dev/atmega32u4/avr5/crtatmega32u4.o
 .debug_abbrev  0x0000096a      0x16a Descriptors.o
 .debug_abbrev  0x00000ad4      0x36b Keyboard.o
 .debug_abbrev  0x00000e3f       0xbc src/Drivers/i2c.o
 .debug_abbrev  0x00000efb      0x169 src/Drivers/oled.o
 .debug_abbrev  0x00001064      0x208 src/LUFA/LUFA/Drivers/USB/Core/AVR8/EndpointStream_AVR8.o
 .debug_abbrev  0x0000126c      0x206 src/LUFA/LUFA/Drivers/USB/Core/AVR8/Endpoint_AVR8.o
 .debug_abbrev  0x00001472      0x19b src/LUFA/LUFA/Drivers/USB/Core/AVR8/USBController_AVR8.o
 .debug_abbrev  0x0000160d      0x1b4 src/LUFA/LUFA/Drivers/USB/Core/AVR8/USBInterrupt_AVR8.o
 .debug_abbrev  0x000017c1      0x2dd src/LUFA/LUFA/Drivers/USB/Core/DeviceStandardReq.o
 .debug_abbrev  0x00001a9e       0x44 src/LUFA/LUFA/Drivers/USB/Core/Events.o
 .debug_abbrev  0x00001ae2      0x153 src/LUFA/LUFA/Drivers/USB/Core/USBTask.o
 .debug_abbrev  0x00001c35      0x213 src/LUFA/LUFA/Drivers/USB/Class/Device/HIDClassDevice.o

.debug_line     0x00000000     0x3ec3
 *(.debug_line .debug_line.* .debug_line_end)
 .debug_line    0x00000000      0x19a C:/Program Files (x86)/Atmel/Studio/7.0/Packs/atmel/ATmega_DFP/1.7.374/gcc/dev/atmega32u4/avr5/crtatmega32u4.o
 .debug_line    0x0000019a      0x28d Descriptors.o
 .debug_line    0x00000427      0x5c6 Keyboard.o
 .debug_line    0x000009ed      0x1fd src/Drivers/i2c.o
 .debug_line    0x00000bea      0x2e7 src/Drivers/oled.o
 .debug_line    0x00000ed1     0x1582 src/LUFA/LUFA/Drivers/USB/Core/AVR8/EndpointStream_AVR8.o
 .debug_line    0x00002453      0x4fc src/LUFA/LUFA/Drivers/USB/Core/AVR8/Endpoint_AVR8.o
 .debug_line    0x0000294f      0x34b src/LUFA/LUFA/Drivers/USB/Core/AVR8/USBController_AVR8.o
 .debug_line    0x00002c9a      0x49e src/LUFA/LUFA/Drivers/USB/Core/AVR8/USBInterrupt_AVR8.o
 .debug_line    0x00003138      0x5eb src/LUFA/LUFA/Drivers/USB/Core/DeviceStandardReq.o
 .debug_line    0x00003723       0x58 src/LUFA/LUFA/Drivers/USB/Core/Events.o
 .debug_line    0x0000377b      0x1bd src/LUFA/LUFA/Drivers/USB/Core/USBTask.o
 .debug_line    0x00003938      0x58b src/LUFA/LUFA/Drivers/USB/Class/Device/HIDClassDevice.o

.debug_frame    0x00000000      0x988
 *(.debug_frame)
 .debug_frame   0x00000000       0x24 Descriptors.o
 .debug_frame   0x00000024       0xc0 Keyboard.o
 .debug_frame   0x000000e4       0xa4 src/Drivers/i2c.o
 .debug_frame   0x00000188       0xbc src/Drivers/oled.o
 .debug_frame   0x00000244      0x3ac src/LUFA/LUFA/Drivers/USB/Core/AVR8/EndpointStream_AVR8.o
 .debug_frame   0x000005f0       0x78 src/LUFA/LUFA/Drivers/USB/Core/AVR8/Endpoint_AVR8.o
 .debug_frame   0x00000668       0x6c src/LUFA/LUFA/Drivers/USB/Core/AVR8/USBController_AVR8.o
 .debug_frame   0x000006d4       0x8c src/LUFA/LUFA/Drivers/USB/Core/AVR8/USBInterrupt_AVR8.o
 .debug_frame   0x00000760       0xd4 src/LUFA/LUFA/Drivers/USB/Core/DeviceStandardReq.o
 .debug_frame   0x00000834       0x24 src/LUFA/LUFA/Drivers/USB/Core/Events.o
 .debug_frame   0x00000858       0x3c src/LUFA/LUFA/Drivers/USB/Core/USBTask.o
 .debug_frame   0x00000894       0xf4 src/LUFA/LUFA/Drivers/USB/Class/Device/HIDClassDevice.o

.debug_str      0x00000000     0x2547
 *(.debug_str)
 .debug_str     0x00000000      0x371 C:/Program Files (x86)/Atmel/Studio/7.0/Packs/atmel/ATmega_DFP/1.7.374/gcc/dev/atmega32u4/avr5/crtatmega32u4.o
 .debug_str     0x00000371      0x8a6 Descriptors.o
                                0x934 (size before relaxing)
 .debug_str     0x00000c17      0x4f8 Keyboard.o
                                0x721 (size before relaxing)
 .debug_str     0x0000110f       0x95 src/Drivers/i2c.o
                                0x213 (size before relaxing)
 .debug_str     0x000011a4       0x98 src/Drivers/oled.o
                                0x2a2 (size before relaxing)
 .debug_str     0x0000123c      0x683 src/LUFA/LUFA/Drivers/USB/Core/AVR8/EndpointStream_AVR8.o
                                0x86f (size before relaxing)
 .debug_str     0x000018bf      0x2dc src/LUFA/LUFA/Drivers/USB/Core/AVR8/Endpoint_AVR8.o
                                0x623 (size before relaxing)
 .debug_str     0x00001b9b      0x211 src/LUFA/LUFA/Drivers/USB/Core/AVR8/USBController_AVR8.o
                                0x562 (size before relaxing)
 .debug_str     0x00001dac      0x14f src/LUFA/LUFA/Drivers/USB/Core/AVR8/USBInterrupt_AVR8.o
                                0x537 (size before relaxing)
 .debug_str     0x00001efb      0x445 src/LUFA/LUFA/Drivers/USB/Core/DeviceStandardReq.o
                                0x9d5 (size before relaxing)
 .debug_str     0x00002340       0x3a src/LUFA/LUFA/Drivers/USB/Core/Events.o
                                0x1a7 (size before relaxing)
 .debug_str     0x0000237a       0x64 src/LUFA/LUFA/Drivers/USB/Core/USBTask.o
                                0x388 (size before relaxing)
 .debug_str     0x000023de      0x169 src/LUFA/LUFA/Drivers/USB/Class/Device/HIDClassDevice.o
                                0x708 (size before relaxing)

.debug_loc      0x00000000     0x350d
 *(.debug_loc)
 .debug_loc     0x00000000      0x2f4 Descriptors.o
 .debug_loc     0x000002f4      0x297 Keyboard.o
 .debug_loc     0x0000058b       0xbf src/Drivers/i2c.o
 .debug_loc     0x0000064a      0x1c8 src/Drivers/oled.o
 .debug_loc     0x00000812     0x1d71 src/LUFA/LUFA/Drivers/USB/Core/AVR8/EndpointStream_AVR8.o
 .debug_loc     0x00002583      0x3c9 src/LUFA/LUFA/Drivers/USB/Core/AVR8/Endpoint_AVR8.o
 .debug_loc     0x0000294c       0xea src/LUFA/LUFA/Drivers/USB/Core/AVR8/USBController_AVR8.o
 .debug_loc     0x00002a36      0x2ab src/LUFA/LUFA/Drivers/USB/Core/AVR8/USBInterrupt_AVR8.o
 .debug_loc     0x00002ce1      0x375 src/LUFA/LUFA/Drivers/USB/Core/DeviceStandardReq.o
 .debug_loc     0x00003056       0x49 src/LUFA/LUFA/Drivers/USB/Core/USBTask.o
 .debug_loc     0x0000309f      0x46e src/LUFA/LUFA/Drivers/USB/Class/Device/HIDClassDevice.o

.debug_macinfo
 *(.debug_macinfo)

.debug_weaknames
 *(.debug_weaknames)

.debug_funcnames
 *(.debug_funcnames)

.debug_typenames
 *(.debug_typenames)

.debug_varnames
 *(.debug_varnames)

.debug_pubtypes
 *(.debug_pubtypes)

.debug_ranges   0x00000000      0x588
 *(.debug_ranges)
 .debug_ranges  0x00000000       0x10 Descriptors.o
 .debug_ranges  0x00000010       0x50 Keyboard.o
 .debug_ranges  0x00000060       0x50 src/Drivers/i2c.o
 .debug_ranges  0x000000b0       0x48 src/Drivers/oled.o
 .debug_ranges  0x000000f8      0x328 src/LUFA/LUFA/Drivers/USB/Core/AVR8/EndpointStream_AVR8.o
 .debug_ranges  0x00000420       0x60 src/LUFA/LUFA/Drivers/USB/Core/AVR8/Endpoint_AVR8.o
 .debug_ranges  0x00000480       0x28 src/LUFA/LUFA/Drivers/USB/Core/AVR8/USBController_AVR8.o
 .debug_ranges  0x000004a8       0x20 src/LUFA/LUFA/Drivers/USB/Core/AVR8/USBInterrupt_AVR8.o
 .debug_ranges  0x000004c8       0x78 src/LUFA/LUFA/Drivers/USB/Core/DeviceStandardReq.o
 .debug_ranges  0x00000540       0x10 src/LUFA/LUFA/Drivers/USB/Core/Events.o
 .debug_ranges  0x00000550       0x18 src/LUFA/LUFA/Drivers/USB/Core/USBTask.o
 .debug_ranges  0x00000568       0x20 src/LUFA/LUFA/Drivers/USB/Class/Device/HIDClassDevice.o

.debug_macro
 *(.debug_macro)
OUTPUT(Firmware.elf elf32-avr)
LOAD linker stubs
